00:20:04:998  INFO 19048 --- [main] com.hmall.pay.PayApplication             : Starting PayApplication using Java 11.0.27 on ZhangDeskTop with PID 19048 (D:\Users\ZhangYao\Desktop\git\E-ommerceSystemMicroservices\hmall\pay-service\target\classes started by ZhangYao in D:\Users\ZhangYao\Desktop\git\E-ommerceSystemMicroservices\hmall)
00:20:05:004 DEBUG 19048 --- [main] com.hmall.pay.PayApplication             : Running with Spring Boot v2.7.12, Spring v5.3.27
00:20:05:004  INFO 19048 --- [main] com.hmall.pay.PayApplication             : The following 1 profile is active: "local"
00:20:06:022  INFO 19048 --- [main] o.s.cloud.context.scope.GenericScope     : BeanFactory id=01d8b01a-9dca-395a-8a21-45a8fef661c6
00:20:06:451  INFO 19048 --- [main] o.s.b.w.embedded.tomcat.TomcatWebServer  : Tomcat initialized with port(s): 8086 (http)
00:20:06:466  INFO 19048 --- [main] o.apache.catalina.core.StandardService   : Starting service [Tomcat]
00:20:06:466  INFO 19048 --- [main] org.apache.catalina.core.StandardEngine  : Starting Servlet engine: [Apache Tomcat/9.0.75]
00:20:06:642  INFO 19048 --- [main] o.a.c.c.C.[Tomcat].[localhost].[/]       : Initializing Spring embedded WebApplicationContext
00:20:06:643  INFO 19048 --- [main] w.s.c.ServletWebServerApplicationContext : Root WebApplicationContext: initialization completed in 1593 ms
00:20:06:900  INFO 19048 --- [main] o.s.c.openfeign.FeignClientFactoryBean   : For 'user-service' URL not provided. Will try picking an instance via load-balancing.
00:20:06:980  INFO 19048 --- [main] o.s.c.openfeign.FeignClientFactoryBean   : For 'trade-service' URL not provided. Will try picking an instance via load-balancing.
00:20:08:441  INFO 19048 --- [main] pertySourcedRequestMappingHandlerMapping : Mapped URL path [/v2/api-docs] onto method [springfox.documentation.swagger2.web.Swagger2ControllerWebMvc#getDocumentation(String, HttpServletRequest)]
00:20:08:884  INFO 19048 --- [main] com.alibaba.nacos.common.remote.client   : [RpcClientFactory] create a new rpc client of f1a5f0a8-437f-496f-80d8-0d3a20a68144
00:20:08:915  INFO 19048 --- [main] org.reflections.Reflections              : Reflections took 16 ms to scan 1 urls, producing 3 keys and 6 values 
00:20:08:935  INFO 19048 --- [main] org.reflections.Reflections              : Reflections took 7 ms to scan 1 urls, producing 4 keys and 9 values 
00:20:08:942  INFO 19048 --- [main] org.reflections.Reflections              : Reflections took 5 ms to scan 1 urls, producing 3 keys and 10 values 
00:20:08:944  WARN 19048 --- [main] org.reflections.Reflections              : given scan urls are empty. set urls in the configuration
00:20:08:949  INFO 19048 --- [main] org.reflections.Reflections              : Reflections took 5 ms to scan 1 urls, producing 1 keys and 5 values 
00:20:08:955  INFO 19048 --- [main] org.reflections.Reflections              : Reflections took 5 ms to scan 1 urls, producing 1 keys and 7 values 
00:20:08:961  INFO 19048 --- [main] org.reflections.Reflections              : Reflections took 4 ms to scan 1 urls, producing 2 keys and 8 values 
00:20:08:964  WARN 19048 --- [main] org.reflections.Reflections              : given scan urls are empty. set urls in the configuration
00:20:08:965  INFO 19048 --- [main] com.alibaba.nacos.common.remote.client   : [f1a5f0a8-437f-496f-80d8-0d3a20a68144] RpcClient init label, labels = {module=naming, source=sdk}
00:20:08:966  INFO 19048 --- [main] com.alibaba.nacos.common.remote.client   : [f1a5f0a8-437f-496f-80d8-0d3a20a68144] RpcClient init, ServerListFactory = com.alibaba.nacos.client.naming.core.ServerListManager
00:20:08:966  INFO 19048 --- [main] com.alibaba.nacos.common.remote.client   : [f1a5f0a8-437f-496f-80d8-0d3a20a68144] Registry connection listener to current client:com.alibaba.nacos.client.naming.remote.gprc.redo.NamingGrpcRedoService
00:20:08:967  INFO 19048 --- [main] com.alibaba.nacos.common.remote.client   : [f1a5f0a8-437f-496f-80d8-0d3a20a68144] Register server push request handler:com.alibaba.nacos.client.naming.remote.gprc.NamingPushRequestHandler
00:20:08:968  INFO 19048 --- [main] com.alibaba.nacos.common.remote.client   : [f1a5f0a8-437f-496f-80d8-0d3a20a68144] Try to connect to server on start up, server: {serverIp = '110.41.61.31', server main port = 8848}
00:20:10:467  INFO 19048 --- [main] com.alibaba.nacos.common.remote.client   : [f1a5f0a8-437f-496f-80d8-0d3a20a68144] Success to connect to server [110.41.61.31:8848] on start up, connectionId = 1764606009458_120.32.141.64_5952
00:20:10:468  INFO 19048 --- [com.alibaba.nacos.client.remote.worker] com.alibaba.nacos.common.remote.client   : [f1a5f0a8-437f-496f-80d8-0d3a20a68144] Notify connected event to listeners.
00:20:10:468  INFO 19048 --- [main] com.alibaba.nacos.common.remote.client   : [f1a5f0a8-437f-496f-80d8-0d3a20a68144] Register server push request handler:com.alibaba.nacos.common.remote.client.RpcClient$ConnectResetRequestHandler
00:20:10:469  INFO 19048 --- [main] com.alibaba.nacos.common.remote.client   : [f1a5f0a8-437f-496f-80d8-0d3a20a68144] Register server push request handler:com.alibaba.nacos.common.remote.client.RpcClient$$Lambda$976/0x000000080069b840
00:20:10:604  INFO 19048 --- [main] o.s.b.w.embedded.tomcat.TomcatWebServer  : Tomcat started on port(s): 8086 (http) with context path ''
00:20:10:680  INFO 19048 --- [main] c.a.c.n.registry.NacosServiceRegistry    : nacos registry, DEFAULT_GROUP pay-service 192.168.212.91:8086 register finished
00:20:10:965  INFO 19048 --- [main] d.s.w.p.DocumentationPluginsBootstrapper : Documentation plugins bootstrapped
00:20:10:968  INFO 19048 --- [main] d.s.w.p.DocumentationPluginsBootstrapper : Found 1 custom documentation plugin(s)
00:20:10:998  INFO 19048 --- [main] s.d.s.w.s.ApiListingReferenceScanner     : Scanning for api listing references
00:20:11:091  INFO 19048 --- [main] com.hmall.pay.PayApplication             : Started PayApplication in 6.787 seconds (JVM running for 7.447)
00:20:11:154  INFO 19048 --- [nacos-grpc-client-executor-10] com.alibaba.nacos.common.remote.client   : [f1a5f0a8-437f-496f-80d8-0d3a20a68144] Receive server push request, request = NotifySubscriberRequest, requestId = 37
00:20:11:157  INFO 19048 --- [nacos-grpc-client-executor-10] com.alibaba.nacos.common.remote.client   : [f1a5f0a8-437f-496f-80d8-0d3a20a68144] Ack server push request, request = NotifySubscriberRequest, requestId = 37
00:21:54:227  WARN 19048 --- [Thread-7] c.a.n.common.http.HttpClientBeanHolder   : [HttpClientBeanHolder] Start destroying common HttpClient
00:21:54:229  WARN 19048 --- [Thread-7] c.a.n.common.http.HttpClientBeanHolder   : [HttpClientBeanHolder] Destruction of the end
00:21:54:229  WARN 19048 --- [Thread-4] c.a.nacos.common.notify.NotifyCenter     : [NotifyCenter] Start destroying Publisher
00:21:54:229  WARN 19048 --- [Thread-4] c.a.nacos.common.notify.NotifyCenter     : [NotifyCenter] Destruction of the end
00:21:54:462  INFO 19048 --- [SpringApplicationShutdownHook] c.a.c.n.registry.NacosServiceRegistry    : De-registering from Nacos Server now...
00:21:54:525  INFO 19048 --- [SpringApplicationShutdownHook] c.a.c.n.registry.NacosServiceRegistry    : De-registration finished.
00:21:54:853  INFO 19048 --- [SpringApplicationShutdownHook] com.alibaba.nacos.common.remote.client   : Shutdown rpc client, set status to shutdown
00:21:54:854  INFO 19048 --- [SpringApplicationShutdownHook] com.alibaba.nacos.common.remote.client   : Shutdown client event executor java.util.concurrent.ScheduledThreadPoolExecutor@65ffdaa0[Running, pool size = 2, active threads = 2, queued tasks = 0, completed tasks = 0]
00:21:54:854  INFO 19048 --- [SpringApplicationShutdownHook] com.alibaba.nacos.common.remote.client   : Close current connection 1764606009458_120.32.141.64_5952
00:21:54:859  INFO 19048 --- [SpringApplicationShutdownHook] c.a.n.c.remote.client.grpc.GrpcClient    : Shutdown grpc executor java.util.concurrent.ThreadPoolExecutor@2dfe35c7[Running, pool size = 5, active threads = 0, queued tasks = 0, completed tasks = 38]
