00:20:16:610  INFO 4168 --- [main] com.hmall.user.UserApplication           : Starting UserApplication using Java 11.0.27 on ZhangDeskTop with PID 4168 (D:\Users\ZhangYao\Desktop\git\E-ommerceSystemMicroservices\hmall\user-service\target\classes started by ZhangYao in D:\Users\ZhangYao\Desktop\git\E-ommerceSystemMicroservices\hmall)
00:20:16:616 DEBUG 4168 --- [main] com.hmall.user.UserApplication           : Running with Spring Boot v2.7.12, Spring v5.3.27
00:20:16:617  INFO 4168 --- [main] com.hmall.user.UserApplication           : The following 1 profile is active: "local"
00:20:17:524  INFO 4168 --- [main] o.s.cloud.context.scope.GenericScope     : BeanFactory id=c84af717-a19d-34c5-ba5a-cf2bbbf28a33
00:20:17:865  INFO 4168 --- [main] o.s.b.w.embedded.tomcat.TomcatWebServer  : Tomcat initialized with port(s): 8084 (http)
00:20:17:878  INFO 4168 --- [main] o.apache.catalina.core.StandardService   : Starting service [Tomcat]
00:20:17:878  INFO 4168 --- [main] org.apache.catalina.core.StandardEngine  : Starting Servlet engine: [Apache Tomcat/9.0.75]
00:20:18:025  INFO 4168 --- [main] o.a.c.c.C.[Tomcat].[localhost].[/]       : Initializing Spring embedded WebApplicationContext
00:20:18:025  INFO 4168 --- [main] w.s.c.ServletWebServerApplicationContext : Root WebApplicationContext: initialization completed in 1367 ms
00:20:19:525  INFO 4168 --- [main] pertySourcedRequestMappingHandlerMapping : Mapped URL path [/v2/api-docs] onto method [springfox.documentation.swagger2.web.Swagger2ControllerWebMvc#getDocumentation(String, HttpServletRequest)]
00:20:19:872  INFO 4168 --- [main] com.alibaba.nacos.common.remote.client   : [RpcClientFactory] create a new rpc client of eccbc963-7457-4eb1-86f1-4b37a1ffbd46
00:20:19:906  INFO 4168 --- [main] org.reflections.Reflections              : Reflections took 16 ms to scan 1 urls, producing 3 keys and 6 values 
00:20:19:924  INFO 4168 --- [main] org.reflections.Reflections              : Reflections took 6 ms to scan 1 urls, producing 4 keys and 9 values 
00:20:19:932  INFO 4168 --- [main] org.reflections.Reflections              : Reflections took 5 ms to scan 1 urls, producing 3 keys and 10 values 
00:20:19:934  WARN 4168 --- [main] org.reflections.Reflections              : given scan urls are empty. set urls in the configuration
00:20:19:939  INFO 4168 --- [main] org.reflections.Reflections              : Reflections took 5 ms to scan 1 urls, producing 1 keys and 5 values 
00:20:19:943  INFO 4168 --- [main] org.reflections.Reflections              : Reflections took 4 ms to scan 1 urls, producing 1 keys and 7 values 
00:20:19:951  INFO 4168 --- [main] org.reflections.Reflections              : Reflections took 4 ms to scan 1 urls, producing 2 keys and 8 values 
00:20:19:953  WARN 4168 --- [main] org.reflections.Reflections              : given scan urls are empty. set urls in the configuration
00:20:19:955  INFO 4168 --- [main] com.alibaba.nacos.common.remote.client   : [eccbc963-7457-4eb1-86f1-4b37a1ffbd46] RpcClient init label, labels = {module=naming, source=sdk}
00:20:19:957  INFO 4168 --- [main] com.alibaba.nacos.common.remote.client   : [eccbc963-7457-4eb1-86f1-4b37a1ffbd46] RpcClient init, ServerListFactory = com.alibaba.nacos.client.naming.core.ServerListManager
00:20:19:957  INFO 4168 --- [main] com.alibaba.nacos.common.remote.client   : [eccbc963-7457-4eb1-86f1-4b37a1ffbd46] Registry connection listener to current client:com.alibaba.nacos.client.naming.remote.gprc.redo.NamingGrpcRedoService
00:20:19:957  INFO 4168 --- [main] com.alibaba.nacos.common.remote.client   : [eccbc963-7457-4eb1-86f1-4b37a1ffbd46] Register server push request handler:com.alibaba.nacos.client.naming.remote.gprc.NamingPushRequestHandler
00:20:19:959  INFO 4168 --- [main] com.alibaba.nacos.common.remote.client   : [eccbc963-7457-4eb1-86f1-4b37a1ffbd46] Try to connect to server on start up, server: {serverIp = '110.41.61.31', server main port = 8848}
00:20:21:081  INFO 4168 --- [main] com.alibaba.nacos.common.remote.client   : [eccbc963-7457-4eb1-86f1-4b37a1ffbd46] Success to connect to server [110.41.61.31:8848] on start up, connectionId = 1764606020095_120.32.141.64_6144
00:20:21:081  INFO 4168 --- [com.alibaba.nacos.client.remote.worker] com.alibaba.nacos.common.remote.client   : [eccbc963-7457-4eb1-86f1-4b37a1ffbd46] Notify connected event to listeners.
00:20:21:082  INFO 4168 --- [main] com.alibaba.nacos.common.remote.client   : [eccbc963-7457-4eb1-86f1-4b37a1ffbd46] Register server push request handler:com.alibaba.nacos.common.remote.client.RpcClient$ConnectResetRequestHandler
00:20:21:083  INFO 4168 --- [main] com.alibaba.nacos.common.remote.client   : [eccbc963-7457-4eb1-86f1-4b37a1ffbd46] Register server push request handler:com.alibaba.nacos.common.remote.client.RpcClient$$Lambda$953/0x00000008006e4040
00:20:21:273  INFO 4168 --- [main] o.s.b.w.embedded.tomcat.TomcatWebServer  : Tomcat started on port(s): 8084 (http) with context path ''
00:20:21:374  INFO 4168 --- [main] c.a.c.n.registry.NacosServiceRegistry    : nacos registry, DEFAULT_GROUP user-service 192.168.212.91:8084 register finished
00:20:21:586  INFO 4168 --- [main] d.s.w.p.DocumentationPluginsBootstrapper : Documentation plugins bootstrapped
00:20:21:588  INFO 4168 --- [main] d.s.w.p.DocumentationPluginsBootstrapper : Found 1 custom documentation plugin(s)
00:20:21:611  INFO 4168 --- [main] s.d.s.w.s.ApiListingReferenceScanner     : Scanning for api listing references
00:20:21:695  INFO 4168 --- [main] com.hmall.user.UserApplication           : Started UserApplication in 5.826 seconds (JVM running for 6.703)
00:20:22:248  INFO 4168 --- [nacos-grpc-client-executor-9] com.alibaba.nacos.common.remote.client   : [eccbc963-7457-4eb1-86f1-4b37a1ffbd46] Receive server push request, request = NotifySubscriberRequest, requestId = 42
00:20:22:249  INFO 4168 --- [nacos-grpc-client-executor-9] com.alibaba.nacos.common.remote.client   : [eccbc963-7457-4eb1-86f1-4b37a1ffbd46] Ack server push request, request = NotifySubscriberRequest, requestId = 42
00:20:33:687  INFO 4168 --- [http-nio-8084-exec-1] o.a.c.c.C.[Tomcat].[localhost].[/]       : Initializing Spring DispatcherServlet 'dispatcherServlet'
00:20:33:687  INFO 4168 --- [http-nio-8084-exec-1] o.s.web.servlet.DispatcherServlet        : Initializing Servlet 'dispatcherServlet'
00:20:33:690  INFO 4168 --- [http-nio-8084-exec-1] o.s.web.servlet.DispatcherServlet        : Completed initialization in 3 ms
00:20:33:882  INFO 4168 --- [http-nio-8084-exec-1] com.zaxxer.hikari.HikariDataSource       : HikariPool-1 - Starting...
00:20:34:890  INFO 4168 --- [http-nio-8084-exec-1] com.zaxxer.hikari.HikariDataSource       : HikariPool-1 - Start completed.
00:20:34:898 DEBUG 4168 --- [http-nio-8084-exec-1] c.h.user.mapper.UserMapper.selectList    : ==>  Preparing: SELECT id,username,password,phone,create_time,update_time,status,balance FROM user WHERE (username = ?)
00:20:34:922 DEBUG 4168 --- [http-nio-8084-exec-1] c.h.user.mapper.UserMapper.selectList    : ==> Parameters: jack(String)
00:20:35:016 DEBUG 4168 --- [http-nio-8084-exec-1] c.h.user.mapper.UserMapper.selectList    : <==      Total: 1
00:21:54:233  WARN 4168 --- [Thread-4] c.a.nacos.common.notify.NotifyCenter     : [NotifyCenter] Start destroying Publisher
00:21:54:233  WARN 4168 --- [Thread-7] c.a.n.common.http.HttpClientBeanHolder   : [HttpClientBeanHolder] Start destroying common HttpClient
00:21:54:234  WARN 4168 --- [Thread-4] c.a.nacos.common.notify.NotifyCenter     : [NotifyCenter] Destruction of the end
00:21:54:235  WARN 4168 --- [Thread-7] c.a.n.common.http.HttpClientBeanHolder   : [HttpClientBeanHolder] Destruction of the end
00:21:54:464  INFO 4168 --- [SpringApplicationShutdownHook] c.a.c.n.registry.NacosServiceRegistry    : De-registering from Nacos Server now...
00:21:54:532  INFO 4168 --- [SpringApplicationShutdownHook] c.a.c.n.registry.NacosServiceRegistry    : De-registration finished.
00:21:54:869  INFO 4168 --- [SpringApplicationShutdownHook] com.alibaba.nacos.common.remote.client   : Shutdown rpc client, set status to shutdown
00:21:54:869  INFO 4168 --- [SpringApplicationShutdownHook] com.alibaba.nacos.common.remote.client   : Shutdown client event executor java.util.concurrent.ScheduledThreadPoolExecutor@1cb205a[Running, pool size = 2, active threads = 2, queued tasks = 0, completed tasks = 0]
00:21:54:869  INFO 4168 --- [SpringApplicationShutdownHook] com.alibaba.nacos.common.remote.client   : Close current connection 1764606020095_120.32.141.64_6144
00:21:54:873  INFO 4168 --- [SpringApplicationShutdownHook] c.a.n.c.remote.client.grpc.GrpcClient    : Shutdown grpc executor java.util.concurrent.ThreadPoolExecutor@1a2fd35[Running, pool size = 5, active threads = 0, queued tasks = 0, completed tasks = 35]
00:21:54:876  INFO 4168 --- [SpringApplicationShutdownHook] com.zaxxer.hikari.HikariDataSource       : HikariPool-1 - Shutdown initiated...
00:21:55:678  INFO 4168 --- [SpringApplicationShutdownHook] com.zaxxer.hikari.HikariDataSource       : HikariPool-1 - Shutdown completed.
