22:15:43:444  INFO 15724 --- [main] com.hmall.cart.CartApplication           : The following 1 profile is active: "local"
22:15:44:127 ERROR 15724 --- [main] o.s.boot.SpringApplication               : Application run failed

java.lang.IllegalStateException: Error processing condition on com.hmall.common.config.MyBatisConfig.mybatisPlusInterceptor
	at org.springframework.boot.autoconfigure.condition.SpringBootCondition.matches(SpringBootCondition.java:60) ~[spring-boot-autoconfigure-2.7.12.jar:2.7.12]
	at org.springframework.context.annotation.ConditionEvaluator.shouldSkip(ConditionEvaluator.java:108) ~[spring-context-5.3.27.jar:5.3.27]
	at org.springframework.context.annotation.ConfigurationClassBeanDefinitionReader.loadBeanDefinitionsForBeanMethod(ConfigurationClassBeanDefinitionReader.java:193) ~[spring-context-5.3.27.jar:5.3.27]
	at org.springframework.context.annotation.ConfigurationClassBeanDefinitionReader.loadBeanDefinitionsForConfigurationClass(ConfigurationClassBeanDefinitionReader.java:153) ~[spring-context-5.3.27.jar:5.3.27]
	at org.springframework.context.annotation.ConfigurationClassBeanDefinitionReader.loadBeanDefinitions(ConfigurationClassBeanDefinitionReader.java:129) ~[spring-context-5.3.27.jar:5.3.27]
	at org.springframework.context.annotation.ConfigurationClassPostProcessor.processConfigBeanDefinitions(ConfigurationClassPostProcessor.java:343) ~[spring-context-5.3.27.jar:5.3.27]
	at org.springframework.context.annotation.ConfigurationClassPostProcessor.postProcessBeanDefinitionRegistry(ConfigurationClassPostProcessor.java:247) ~[spring-context-5.3.27.jar:5.3.27]
	at org.springframework.context.support.PostProcessorRegistrationDelegate.invokeBeanDefinitionRegistryPostProcessors(PostProcessorRegistrationDelegate.java:311) ~[spring-context-5.3.27.jar:5.3.27]
	at org.springframework.context.support.PostProcessorRegistrationDelegate.invokeBeanFactoryPostProcessors(PostProcessorRegistrationDelegate.java:112) ~[spring-context-5.3.27.jar:5.3.27]
	at org.springframework.context.support.AbstractApplicationContext.invokeBeanFactoryPostProcessors(AbstractApplicationContext.java:748) ~[spring-context-5.3.27.jar:5.3.27]
	at org.springframework.context.support.AbstractApplicationContext.refresh(AbstractApplicationContext.java:564) ~[spring-context-5.3.27.jar:5.3.27]
	at org.springframework.boot.web.servlet.context.ServletWebServerApplicationContext.refresh(ServletWebServerApplicationContext.java:147) ~[spring-boot-2.7.12.jar:2.7.12]
	at org.springframework.boot.SpringApplication.refresh(SpringApplication.java:731) ~[spring-boot-2.7.12.jar:2.7.12]
	at org.springframework.boot.SpringApplication.refreshContext(SpringApplication.java:408) ~[spring-boot-2.7.12.jar:2.7.12]
	at org.springframework.boot.SpringApplication.run(SpringApplication.java:307) ~[spring-boot-2.7.12.jar:2.7.12]
	at org.springframework.boot.SpringApplication.run(SpringApplication.java:1303) ~[spring-boot-2.7.12.jar:2.7.12]
	at org.springframework.boot.SpringApplication.run(SpringApplication.java:1292) ~[spring-boot-2.7.12.jar:2.7.12]
	at com.hmall.cart.CartApplication.main(CartApplication.java:14) ~[classes/:na]
Caused by: java.lang.IllegalStateException: Failed to introspect Class [com.hmall.common.config.MqConfig] from ClassLoader [jdk.internal.loader.ClassLoaders$AppClassLoader@7b1d7fff]
	at org.springframework.util.ReflectionUtils.getDeclaredMethods(ReflectionUtils.java:485) ~[spring-core-5.3.27.jar:5.3.27]
	at org.springframework.util.ReflectionUtils.doWithMethods(ReflectionUtils.java:361) ~[spring-core-5.3.27.jar:5.3.27]
	at org.springframework.util.ReflectionUtils.getUniqueDeclaredMethods(ReflectionUtils.java:418) ~[spring-core-5.3.27.jar:5.3.27]
	at org.springframework.beans.factory.support.AbstractAutowireCapableBeanFactory.lambda$getTypeForFactoryMethod$2(AbstractAutowireCapableBeanFactory.java:765) ~[spring-beans-5.3.27.jar:5.3.27]
	at java.base/java.util.concurrent.ConcurrentHashMap.computeIfAbsent(ConcurrentHashMap.java:1705) ~[na:na]
	at org.springframework.beans.factory.support.AbstractAutowireCapableBeanFactory.getTypeForFactoryMethod(AbstractAutowireCapableBeanFactory.java:764) ~[spring-beans-5.3.27.jar:5.3.27]
	at org.springframework.beans.factory.support.AbstractAutowireCapableBeanFactory.determineTargetType(AbstractAutowireCapableBeanFactory.java:703) ~[spring-beans-5.3.27.jar:5.3.27]
	at org.springframework.beans.factory.support.AbstractAutowireCapableBeanFactory.predictBeanType(AbstractAutowireCapableBeanFactory.java:674) ~[spring-beans-5.3.27.jar:5.3.27]
	at org.springframework.beans.factory.support.AbstractBeanFactory.isFactoryBean(AbstractBeanFactory.java:1684) ~[spring-beans-5.3.27.jar:5.3.27]
	at org.springframework.beans.factory.support.DefaultListableBeanFactory.doGetBeanNamesForType(DefaultListableBeanFactory.java:570) ~[spring-beans-5.3.27.jar:5.3.27]
	at org.springframework.beans.factory.support.DefaultListableBeanFactory.getBeanNamesForType(DefaultListableBeanFactory.java:542) ~[spring-beans-5.3.27.jar:5.3.27]
	at org.springframework.boot.autoconfigure.condition.OnBeanCondition.collectBeanNamesForType(OnBeanCondition.java:246) ~[spring-boot-autoconfigure-2.7.12.jar:2.7.12]
	at org.springframework.boot.autoconfigure.condition.OnBeanCondition.getBeanNamesForType(OnBeanCondition.java:239) ~[spring-boot-autoconfigure-2.7.12.jar:2.7.12]
	at org.springframework.boot.autoconfigure.condition.OnBeanCondition.getBeanNamesForType(OnBeanCondition.java:229) ~[spring-boot-autoconfigure-2.7.12.jar:2.7.12]
	at org.springframework.boot.autoconfigure.condition.OnBeanCondition.getMatchingBeans(OnBeanCondition.java:182) ~[spring-boot-autoconfigure-2.7.12.jar:2.7.12]
	at org.springframework.boot.autoconfigure.condition.OnBeanCondition.getMatchOutcome(OnBeanCondition.java:157) ~[spring-boot-autoconfigure-2.7.12.jar:2.7.12]
	at org.springframework.boot.autoconfigure.condition.SpringBootCondition.matches(SpringBootCondition.java:47) ~[spring-boot-autoconfigure-2.7.12.jar:2.7.12]
	... 17 common frames omitted
Caused by: java.lang.NoClassDefFoundError: org/springframework/amqp/support/converter/MessageConverter
	at java.base/java.lang.Class.getDeclaredMethods0(Native Method) ~[na:na]
	at java.base/java.lang.Class.privateGetDeclaredMethods(Class.java:3166) ~[na:na]
	at java.base/java.lang.Class.getDeclaredMethods(Class.java:2309) ~[na:na]
	at org.springframework.util.ReflectionUtils.getDeclaredMethods(ReflectionUtils.java:467) ~[spring-core-5.3.27.jar:5.3.27]
	... 33 common frames omitted
Caused by: java.lang.ClassNotFoundException: org.springframework.amqp.support.converter.MessageConverter
	at java.base/jdk.internal.loader.BuiltinClassLoader.loadClass(BuiltinClassLoader.java:581) ~[na:na]
	at java.base/jdk.internal.loader.ClassLoaders$AppClassLoader.loadClass(ClassLoaders.java:178) ~[na:na]
	at java.base/java.lang.ClassLoader.loadClass(ClassLoader.java:526) ~[na:na]
	... 37 common frames omitted

22:15:44:129  WARN 15724 --- [main] o.s.boot.SpringApplication               : Unable to close ApplicationContext

java.lang.IllegalStateException: Failed to introspect Class [com.hmall.common.config.MqConfig] from ClassLoader [jdk.internal.loader.ClassLoaders$AppClassLoader@7b1d7fff]
	at org.springframework.util.ReflectionUtils.getDeclaredMethods(ReflectionUtils.java:485) ~[spring-core-5.3.27.jar:5.3.27]
	at org.springframework.util.ReflectionUtils.doWithMethods(ReflectionUtils.java:361) ~[spring-core-5.3.27.jar:5.3.27]
	at org.springframework.util.ReflectionUtils.getUniqueDeclaredMethods(ReflectionUtils.java:418) ~[spring-core-5.3.27.jar:5.3.27]
	at org.springframework.beans.factory.support.AbstractAutowireCapableBeanFactory.lambda$getTypeForFactoryMethod$2(AbstractAutowireCapableBeanFactory.java:765) ~[spring-beans-5.3.27.jar:5.3.27]
	at java.base/java.util.concurrent.ConcurrentHashMap.computeIfAbsent(ConcurrentHashMap.java:1705) ~[na:na]
	at org.springframework.beans.factory.support.AbstractAutowireCapableBeanFactory.getTypeForFactoryMethod(AbstractAutowireCapableBeanFactory.java:764) ~[spring-beans-5.3.27.jar:5.3.27]
	at org.springframework.beans.factory.support.AbstractAutowireCapableBeanFactory.determineTargetType(AbstractAutowireCapableBeanFactory.java:703) ~[spring-beans-5.3.27.jar:5.3.27]
	at org.springframework.beans.factory.support.AbstractAutowireCapableBeanFactory.predictBeanType(AbstractAutowireCapableBeanFactory.java:674) ~[spring-beans-5.3.27.jar:5.3.27]
	at org.springframework.beans.factory.support.AbstractBeanFactory.isFactoryBean(AbstractBeanFactory.java:1684) ~[spring-beans-5.3.27.jar:5.3.27]
	at org.springframework.beans.factory.support.DefaultListableBeanFactory.doGetBeanNamesForType(DefaultListableBeanFactory.java:570) ~[spring-beans-5.3.27.jar:5.3.27]
	at org.springframework.beans.factory.support.DefaultListableBeanFactory.getBeanNamesForType(DefaultListableBeanFactory.java:542) ~[spring-beans-5.3.27.jar:5.3.27]
	at org.springframework.beans.factory.support.DefaultListableBeanFactory.getBeansOfType(DefaultListableBeanFactory.java:669) ~[spring-beans-5.3.27.jar:5.3.27]
	at org.springframework.beans.factory.support.DefaultListableBeanFactory.getBeansOfType(DefaultListableBeanFactory.java:661) ~[spring-beans-5.3.27.jar:5.3.27]
	at org.springframework.context.support.AbstractApplicationContext.getBeansOfType(AbstractApplicationContext.java:1302) ~[spring-context-5.3.27.jar:5.3.27]
	at org.springframework.boot.SpringApplication.getExitCodeFromMappedException(SpringApplication.java:864) ~[spring-boot-2.7.12.jar:2.7.12]
	at org.springframework.boot.SpringApplication.getExitCodeFromException(SpringApplication.java:852) ~[spring-boot-2.7.12.jar:2.7.12]
	at org.springframework.boot.SpringApplication.handleExitCode(SpringApplication.java:839) ~[spring-boot-2.7.12.jar:2.7.12]
	at org.springframework.boot.SpringApplication.handleRunFailure(SpringApplication.java:779) ~[spring-boot-2.7.12.jar:2.7.12]
	at org.springframework.boot.SpringApplication.run(SpringApplication.java:317) ~[spring-boot-2.7.12.jar:2.7.12]
	at org.springframework.boot.SpringApplication.run(SpringApplication.java:1303) ~[spring-boot-2.7.12.jar:2.7.12]
	at org.springframework.boot.SpringApplication.run(SpringApplication.java:1292) ~[spring-boot-2.7.12.jar:2.7.12]
	at com.hmall.cart.CartApplication.main(CartApplication.java:14) ~[classes/:na]
Caused by: java.lang.NoClassDefFoundError: org/springframework/amqp/support/converter/MessageConverter
	at java.base/java.lang.Class.getDeclaredMethods0(Native Method) ~[na:na]
	at java.base/java.lang.Class.privateGetDeclaredMethods(Class.java:3166) ~[na:na]
	at java.base/java.lang.Class.getDeclaredMethods(Class.java:2309) ~[na:na]
	at org.springframework.util.ReflectionUtils.getDeclaredMethods(ReflectionUtils.java:467) ~[spring-core-5.3.27.jar:5.3.27]
	... 21 common frames omitted
Caused by: java.lang.ClassNotFoundException: org.springframework.amqp.support.converter.MessageConverter
	at java.base/jdk.internal.loader.BuiltinClassLoader.loadClass(BuiltinClassLoader.java:581) ~[na:na]
	at java.base/jdk.internal.loader.ClassLoaders$AppClassLoader.loadClass(ClassLoaders.java:178) ~[na:na]
	at java.base/java.lang.ClassLoader.loadClass(ClassLoader.java:526) ~[na:na]
	... 25 common frames omitted

22:15:44:130  WARN 15724 --- [Thread-1] c.a.n.common.http.HttpClientBeanHolder   : [HttpClientBeanHolder] Start destroying common HttpClient
22:15:44:130  WARN 15724 --- [Thread-5] c.a.nacos.common.notify.NotifyCenter     : [NotifyCenter] Start destroying Publisher
22:15:44:130  WARN 15724 --- [Thread-5] c.a.nacos.common.notify.NotifyCenter     : [NotifyCenter] Destruction of the end
22:15:52:868  INFO 2112 --- [main] com.hmall.cart.CartApplication           : The following 1 profile is active: "local"
22:15:53:453 ERROR 2112 --- [main] o.s.boot.SpringApplication               : Application run failed

java.lang.IllegalStateException: Error processing condition on com.hmall.common.config.MyBatisConfig.mybatisPlusInterceptor
	at org.springframework.boot.autoconfigure.condition.SpringBootCondition.matches(SpringBootCondition.java:60) ~[spring-boot-autoconfigure-2.7.12.jar:2.7.12]
	at org.springframework.context.annotation.ConditionEvaluator.shouldSkip(ConditionEvaluator.java:108) ~[spring-context-5.3.27.jar:5.3.27]
	at org.springframework.context.annotation.ConfigurationClassBeanDefinitionReader.loadBeanDefinitionsForBeanMethod(ConfigurationClassBeanDefinitionReader.java:193) ~[spring-context-5.3.27.jar:5.3.27]
	at org.springframework.context.annotation.ConfigurationClassBeanDefinitionReader.loadBeanDefinitionsForConfigurationClass(ConfigurationClassBeanDefinitionReader.java:153) ~[spring-context-5.3.27.jar:5.3.27]
	at org.springframework.context.annotation.ConfigurationClassBeanDefinitionReader.loadBeanDefinitions(ConfigurationClassBeanDefinitionReader.java:129) ~[spring-context-5.3.27.jar:5.3.27]
	at org.springframework.context.annotation.ConfigurationClassPostProcessor.processConfigBeanDefinitions(ConfigurationClassPostProcessor.java:343) ~[spring-context-5.3.27.jar:5.3.27]
	at org.springframework.context.annotation.ConfigurationClassPostProcessor.postProcessBeanDefinitionRegistry(ConfigurationClassPostProcessor.java:247) ~[spring-context-5.3.27.jar:5.3.27]
	at org.springframework.context.support.PostProcessorRegistrationDelegate.invokeBeanDefinitionRegistryPostProcessors(PostProcessorRegistrationDelegate.java:311) ~[spring-context-5.3.27.jar:5.3.27]
	at org.springframework.context.support.PostProcessorRegistrationDelegate.invokeBeanFactoryPostProcessors(PostProcessorRegistrationDelegate.java:112) ~[spring-context-5.3.27.jar:5.3.27]
	at org.springframework.context.support.AbstractApplicationContext.invokeBeanFactoryPostProcessors(AbstractApplicationContext.java:748) ~[spring-context-5.3.27.jar:5.3.27]
	at org.springframework.context.support.AbstractApplicationContext.refresh(AbstractApplicationContext.java:564) ~[spring-context-5.3.27.jar:5.3.27]
	at org.springframework.boot.web.servlet.context.ServletWebServerApplicationContext.refresh(ServletWebServerApplicationContext.java:147) ~[spring-boot-2.7.12.jar:2.7.12]
	at org.springframework.boot.SpringApplication.refresh(SpringApplication.java:731) ~[spring-boot-2.7.12.jar:2.7.12]
	at org.springframework.boot.SpringApplication.refreshContext(SpringApplication.java:408) ~[spring-boot-2.7.12.jar:2.7.12]
	at org.springframework.boot.SpringApplication.run(SpringApplication.java:307) ~[spring-boot-2.7.12.jar:2.7.12]
	at org.springframework.boot.SpringApplication.run(SpringApplication.java:1303) ~[spring-boot-2.7.12.jar:2.7.12]
	at org.springframework.boot.SpringApplication.run(SpringApplication.java:1292) ~[spring-boot-2.7.12.jar:2.7.12]
	at com.hmall.cart.CartApplication.main(CartApplication.java:14) ~[classes/:na]
Caused by: java.lang.IllegalStateException: Failed to introspect Class [com.hmall.common.config.MqConfig] from ClassLoader [jdk.internal.loader.ClassLoaders$AppClassLoader@7b1d7fff]
	at org.springframework.util.ReflectionUtils.getDeclaredMethods(ReflectionUtils.java:485) ~[spring-core-5.3.27.jar:5.3.27]
	at org.springframework.util.ReflectionUtils.doWithMethods(ReflectionUtils.java:361) ~[spring-core-5.3.27.jar:5.3.27]
	at org.springframework.util.ReflectionUtils.getUniqueDeclaredMethods(ReflectionUtils.java:418) ~[spring-core-5.3.27.jar:5.3.27]
	at org.springframework.beans.factory.support.AbstractAutowireCapableBeanFactory.lambda$getTypeForFactoryMethod$2(AbstractAutowireCapableBeanFactory.java:765) ~[spring-beans-5.3.27.jar:5.3.27]
	at java.base/java.util.concurrent.ConcurrentHashMap.computeIfAbsent(ConcurrentHashMap.java:1737) ~[na:na]
	at org.springframework.beans.factory.support.AbstractAutowireCapableBeanFactory.getTypeForFactoryMethod(AbstractAutowireCapableBeanFactory.java:764) ~[spring-beans-5.3.27.jar:5.3.27]
	at org.springframework.beans.factory.support.AbstractAutowireCapableBeanFactory.determineTargetType(AbstractAutowireCapableBeanFactory.java:703) ~[spring-beans-5.3.27.jar:5.3.27]
	at org.springframework.beans.factory.support.AbstractAutowireCapableBeanFactory.predictBeanType(AbstractAutowireCapableBeanFactory.java:674) ~[spring-beans-5.3.27.jar:5.3.27]
	at org.springframework.beans.factory.support.AbstractBeanFactory.isFactoryBean(AbstractBeanFactory.java:1684) ~[spring-beans-5.3.27.jar:5.3.27]
	at org.springframework.beans.factory.support.DefaultListableBeanFactory.doGetBeanNamesForType(DefaultListableBeanFactory.java:570) ~[spring-beans-5.3.27.jar:5.3.27]
	at org.springframework.beans.factory.support.DefaultListableBeanFactory.getBeanNamesForType(DefaultListableBeanFactory.java:542) ~[spring-beans-5.3.27.jar:5.3.27]
	at org.springframework.boot.autoconfigure.condition.OnBeanCondition.collectBeanNamesForType(OnBeanCondition.java:246) ~[spring-boot-autoconfigure-2.7.12.jar:2.7.12]
	at org.springframework.boot.autoconfigure.condition.OnBeanCondition.getBeanNamesForType(OnBeanCondition.java:239) ~[spring-boot-autoconfigure-2.7.12.jar:2.7.12]
	at org.springframework.boot.autoconfigure.condition.OnBeanCondition.getBeanNamesForType(OnBeanCondition.java:229) ~[spring-boot-autoconfigure-2.7.12.jar:2.7.12]
	at org.springframework.boot.autoconfigure.condition.OnBeanCondition.getMatchingBeans(OnBeanCondition.java:182) ~[spring-boot-autoconfigure-2.7.12.jar:2.7.12]
	at org.springframework.boot.autoconfigure.condition.OnBeanCondition.getMatchOutcome(OnBeanCondition.java:157) ~[spring-boot-autoconfigure-2.7.12.jar:2.7.12]
	at org.springframework.boot.autoconfigure.condition.SpringBootCondition.matches(SpringBootCondition.java:47) ~[spring-boot-autoconfigure-2.7.12.jar:2.7.12]
	... 17 common frames omitted
Caused by: java.lang.NoClassDefFoundError: org/springframework/amqp/support/converter/MessageConverter
	at java.base/java.lang.Class.getDeclaredMethods0(Native Method) ~[na:na]
	at java.base/java.lang.Class.privateGetDeclaredMethods(Class.java:3166) ~[na:na]
	at java.base/java.lang.Class.getDeclaredMethods(Class.java:2309) ~[na:na]
	at org.springframework.util.ReflectionUtils.getDeclaredMethods(ReflectionUtils.java:467) ~[spring-core-5.3.27.jar:5.3.27]
	... 33 common frames omitted
Caused by: java.lang.ClassNotFoundException: org.springframework.amqp.support.converter.MessageConverter
	at java.base/jdk.internal.loader.BuiltinClassLoader.loadClass(BuiltinClassLoader.java:581) ~[na:na]
	at java.base/jdk.internal.loader.ClassLoaders$AppClassLoader.loadClass(ClassLoaders.java:178) ~[na:na]
	at java.base/java.lang.ClassLoader.loadClass(ClassLoader.java:526) ~[na:na]
	... 37 common frames omitted

22:15:53:455  WARN 2112 --- [main] o.s.boot.SpringApplication               : Unable to close ApplicationContext

java.lang.IllegalStateException: Failed to introspect Class [com.hmall.common.config.MqConfig] from ClassLoader [jdk.internal.loader.ClassLoaders$AppClassLoader@7b1d7fff]
	at org.springframework.util.ReflectionUtils.getDeclaredMethods(ReflectionUtils.java:485) ~[spring-core-5.3.27.jar:5.3.27]
	at org.springframework.util.ReflectionUtils.doWithMethods(ReflectionUtils.java:361) ~[spring-core-5.3.27.jar:5.3.27]
	at org.springframework.util.ReflectionUtils.getUniqueDeclaredMethods(ReflectionUtils.java:418) ~[spring-core-5.3.27.jar:5.3.27]
	at org.springframework.beans.factory.support.AbstractAutowireCapableBeanFactory.lambda$getTypeForFactoryMethod$2(AbstractAutowireCapableBeanFactory.java:765) ~[spring-beans-5.3.27.jar:5.3.27]
	at java.base/java.util.concurrent.ConcurrentHashMap.computeIfAbsent(ConcurrentHashMap.java:1737) ~[na:na]
	at org.springframework.beans.factory.support.AbstractAutowireCapableBeanFactory.getTypeForFactoryMethod(AbstractAutowireCapableBeanFactory.java:764) ~[spring-beans-5.3.27.jar:5.3.27]
	at org.springframework.beans.factory.support.AbstractAutowireCapableBeanFactory.determineTargetType(AbstractAutowireCapableBeanFactory.java:703) ~[spring-beans-5.3.27.jar:5.3.27]
	at org.springframework.beans.factory.support.AbstractAutowireCapableBeanFactory.predictBeanType(AbstractAutowireCapableBeanFactory.java:674) ~[spring-beans-5.3.27.jar:5.3.27]
	at org.springframework.beans.factory.support.AbstractBeanFactory.isFactoryBean(AbstractBeanFactory.java:1684) ~[spring-beans-5.3.27.jar:5.3.27]
	at org.springframework.beans.factory.support.DefaultListableBeanFactory.doGetBeanNamesForType(DefaultListableBeanFactory.java:570) ~[spring-beans-5.3.27.jar:5.3.27]
	at org.springframework.beans.factory.support.DefaultListableBeanFactory.getBeanNamesForType(DefaultListableBeanFactory.java:542) ~[spring-beans-5.3.27.jar:5.3.27]
	at org.springframework.beans.factory.support.DefaultListableBeanFactory.getBeansOfType(DefaultListableBeanFactory.java:669) ~[spring-beans-5.3.27.jar:5.3.27]
	at org.springframework.beans.factory.support.DefaultListableBeanFactory.getBeansOfType(DefaultListableBeanFactory.java:661) ~[spring-beans-5.3.27.jar:5.3.27]
	at org.springframework.context.support.AbstractApplicationContext.getBeansOfType(AbstractApplicationContext.java:1302) ~[spring-context-5.3.27.jar:5.3.27]
	at org.springframework.boot.SpringApplication.getExitCodeFromMappedException(SpringApplication.java:864) ~[spring-boot-2.7.12.jar:2.7.12]
	at org.springframework.boot.SpringApplication.getExitCodeFromException(SpringApplication.java:852) ~[spring-boot-2.7.12.jar:2.7.12]
	at org.springframework.boot.SpringApplication.handleExitCode(SpringApplication.java:839) ~[spring-boot-2.7.12.jar:2.7.12]
	at org.springframework.boot.SpringApplication.handleRunFailure(SpringApplication.java:779) ~[spring-boot-2.7.12.jar:2.7.12]
	at org.springframework.boot.SpringApplication.run(SpringApplication.java:317) ~[spring-boot-2.7.12.jar:2.7.12]
	at org.springframework.boot.SpringApplication.run(SpringApplication.java:1303) ~[spring-boot-2.7.12.jar:2.7.12]
	at org.springframework.boot.SpringApplication.run(SpringApplication.java:1292) ~[spring-boot-2.7.12.jar:2.7.12]
	at com.hmall.cart.CartApplication.main(CartApplication.java:14) ~[classes/:na]
Caused by: java.lang.NoClassDefFoundError: org/springframework/amqp/support/converter/MessageConverter
	at java.base/java.lang.Class.getDeclaredMethods0(Native Method) ~[na:na]
	at java.base/java.lang.Class.privateGetDeclaredMethods(Class.java:3166) ~[na:na]
	at java.base/java.lang.Class.getDeclaredMethods(Class.java:2309) ~[na:na]
	at org.springframework.util.ReflectionUtils.getDeclaredMethods(ReflectionUtils.java:467) ~[spring-core-5.3.27.jar:5.3.27]
	... 21 common frames omitted
Caused by: java.lang.ClassNotFoundException: org.springframework.amqp.support.converter.MessageConverter
	at java.base/jdk.internal.loader.BuiltinClassLoader.loadClass(BuiltinClassLoader.java:581) ~[na:na]
	at java.base/jdk.internal.loader.ClassLoaders$AppClassLoader.loadClass(ClassLoaders.java:178) ~[na:na]
	at java.base/java.lang.ClassLoader.loadClass(ClassLoader.java:526) ~[na:na]
	... 25 common frames omitted

22:15:53:456  WARN 2112 --- [Thread-1] c.a.n.common.http.HttpClientBeanHolder   : [HttpClientBeanHolder] Start destroying common HttpClient
22:15:53:456  WARN 2112 --- [Thread-5] c.a.nacos.common.notify.NotifyCenter     : [NotifyCenter] Start destroying Publisher
22:15:53:457  WARN 2112 --- [Thread-5] c.a.nacos.common.notify.NotifyCenter     : [NotifyCenter] Destruction of the end
22:16:08:962  INFO 21080 --- [main] com.hmall.cart.CartApplication           : The following 1 profile is active: "local"
22:16:09:533 ERROR 21080 --- [main] o.s.boot.SpringApplication               : Application run failed

java.lang.IllegalStateException: Error processing condition on com.hmall.common.config.MyBatisConfig.mybatisPlusInterceptor
	at org.springframework.boot.autoconfigure.condition.SpringBootCondition.matches(SpringBootCondition.java:60) ~[spring-boot-autoconfigure-2.7.12.jar:2.7.12]
	at org.springframework.context.annotation.ConditionEvaluator.shouldSkip(ConditionEvaluator.java:108) ~[spring-context-5.3.27.jar:5.3.27]
	at org.springframework.context.annotation.ConfigurationClassBeanDefinitionReader.loadBeanDefinitionsForBeanMethod(ConfigurationClassBeanDefinitionReader.java:193) ~[spring-context-5.3.27.jar:5.3.27]
	at org.springframework.context.annotation.ConfigurationClassBeanDefinitionReader.loadBeanDefinitionsForConfigurationClass(ConfigurationClassBeanDefinitionReader.java:153) ~[spring-context-5.3.27.jar:5.3.27]
	at org.springframework.context.annotation.ConfigurationClassBeanDefinitionReader.loadBeanDefinitions(ConfigurationClassBeanDefinitionReader.java:129) ~[spring-context-5.3.27.jar:5.3.27]
	at org.springframework.context.annotation.ConfigurationClassPostProcessor.processConfigBeanDefinitions(ConfigurationClassPostProcessor.java:343) ~[spring-context-5.3.27.jar:5.3.27]
	at org.springframework.context.annotation.ConfigurationClassPostProcessor.postProcessBeanDefinitionRegistry(ConfigurationClassPostProcessor.java:247) ~[spring-context-5.3.27.jar:5.3.27]
	at org.springframework.context.support.PostProcessorRegistrationDelegate.invokeBeanDefinitionRegistryPostProcessors(PostProcessorRegistrationDelegate.java:311) ~[spring-context-5.3.27.jar:5.3.27]
	at org.springframework.context.support.PostProcessorRegistrationDelegate.invokeBeanFactoryPostProcessors(PostProcessorRegistrationDelegate.java:112) ~[spring-context-5.3.27.jar:5.3.27]
	at org.springframework.context.support.AbstractApplicationContext.invokeBeanFactoryPostProcessors(AbstractApplicationContext.java:748) ~[spring-context-5.3.27.jar:5.3.27]
	at org.springframework.context.support.AbstractApplicationContext.refresh(AbstractApplicationContext.java:564) ~[spring-context-5.3.27.jar:5.3.27]
	at org.springframework.boot.web.servlet.context.ServletWebServerApplicationContext.refresh(ServletWebServerApplicationContext.java:147) ~[spring-boot-2.7.12.jar:2.7.12]
	at org.springframework.boot.SpringApplication.refresh(SpringApplication.java:731) ~[spring-boot-2.7.12.jar:2.7.12]
	at org.springframework.boot.SpringApplication.refreshContext(SpringApplication.java:408) ~[spring-boot-2.7.12.jar:2.7.12]
	at org.springframework.boot.SpringApplication.run(SpringApplication.java:307) ~[spring-boot-2.7.12.jar:2.7.12]
	at org.springframework.boot.SpringApplication.run(SpringApplication.java:1303) ~[spring-boot-2.7.12.jar:2.7.12]
	at org.springframework.boot.SpringApplication.run(SpringApplication.java:1292) ~[spring-boot-2.7.12.jar:2.7.12]
	at com.hmall.cart.CartApplication.main(CartApplication.java:14) ~[classes/:na]
Caused by: java.lang.IllegalStateException: Failed to introspect Class [com.hmall.common.config.MqConfig] from ClassLoader [jdk.internal.loader.ClassLoaders$AppClassLoader@7b1d7fff]
	at org.springframework.util.ReflectionUtils.getDeclaredMethods(ReflectionUtils.java:485) ~[spring-core-5.3.27.jar:5.3.27]
	at org.springframework.util.ReflectionUtils.doWithMethods(ReflectionUtils.java:361) ~[spring-core-5.3.27.jar:5.3.27]
	at org.springframework.util.ReflectionUtils.getUniqueDeclaredMethods(ReflectionUtils.java:418) ~[spring-core-5.3.27.jar:5.3.27]
	at org.springframework.beans.factory.support.AbstractAutowireCapableBeanFactory.lambda$getTypeForFactoryMethod$2(AbstractAutowireCapableBeanFactory.java:765) ~[spring-beans-5.3.27.jar:5.3.27]
	at java.base/java.util.concurrent.ConcurrentHashMap.computeIfAbsent(ConcurrentHashMap.java:1737) ~[na:na]
	at org.springframework.beans.factory.support.AbstractAutowireCapableBeanFactory.getTypeForFactoryMethod(AbstractAutowireCapableBeanFactory.java:764) ~[spring-beans-5.3.27.jar:5.3.27]
	at org.springframework.beans.factory.support.AbstractAutowireCapableBeanFactory.determineTargetType(AbstractAutowireCapableBeanFactory.java:703) ~[spring-beans-5.3.27.jar:5.3.27]
	at org.springframework.beans.factory.support.AbstractAutowireCapableBeanFactory.predictBeanType(AbstractAutowireCapableBeanFactory.java:674) ~[spring-beans-5.3.27.jar:5.3.27]
	at org.springframework.beans.factory.support.AbstractBeanFactory.isFactoryBean(AbstractBeanFactory.java:1684) ~[spring-beans-5.3.27.jar:5.3.27]
	at org.springframework.beans.factory.support.DefaultListableBeanFactory.doGetBeanNamesForType(DefaultListableBeanFactory.java:570) ~[spring-beans-5.3.27.jar:5.3.27]
	at org.springframework.beans.factory.support.DefaultListableBeanFactory.getBeanNamesForType(DefaultListableBeanFactory.java:542) ~[spring-beans-5.3.27.jar:5.3.27]
	at org.springframework.boot.autoconfigure.condition.OnBeanCondition.collectBeanNamesForType(OnBeanCondition.java:246) ~[spring-boot-autoconfigure-2.7.12.jar:2.7.12]
	at org.springframework.boot.autoconfigure.condition.OnBeanCondition.getBeanNamesForType(OnBeanCondition.java:239) ~[spring-boot-autoconfigure-2.7.12.jar:2.7.12]
	at org.springframework.boot.autoconfigure.condition.OnBeanCondition.getBeanNamesForType(OnBeanCondition.java:229) ~[spring-boot-autoconfigure-2.7.12.jar:2.7.12]
	at org.springframework.boot.autoconfigure.condition.OnBeanCondition.getMatchingBeans(OnBeanCondition.java:182) ~[spring-boot-autoconfigure-2.7.12.jar:2.7.12]
	at org.springframework.boot.autoconfigure.condition.OnBeanCondition.getMatchOutcome(OnBeanCondition.java:157) ~[spring-boot-autoconfigure-2.7.12.jar:2.7.12]
	at org.springframework.boot.autoconfigure.condition.SpringBootCondition.matches(SpringBootCondition.java:47) ~[spring-boot-autoconfigure-2.7.12.jar:2.7.12]
	... 17 common frames omitted
Caused by: java.lang.NoClassDefFoundError: org/springframework/amqp/support/converter/MessageConverter
	at java.base/java.lang.Class.getDeclaredMethods0(Native Method) ~[na:na]
	at java.base/java.lang.Class.privateGetDeclaredMethods(Class.java:3166) ~[na:na]
	at java.base/java.lang.Class.getDeclaredMethods(Class.java:2309) ~[na:na]
	at org.springframework.util.ReflectionUtils.getDeclaredMethods(ReflectionUtils.java:467) ~[spring-core-5.3.27.jar:5.3.27]
	... 33 common frames omitted
Caused by: java.lang.ClassNotFoundException: org.springframework.amqp.support.converter.MessageConverter
	at java.base/jdk.internal.loader.BuiltinClassLoader.loadClass(BuiltinClassLoader.java:581) ~[na:na]
	at java.base/jdk.internal.loader.ClassLoaders$AppClassLoader.loadClass(ClassLoaders.java:178) ~[na:na]
	at java.base/java.lang.ClassLoader.loadClass(ClassLoader.java:526) ~[na:na]
	... 37 common frames omitted

22:16:09:535  WARN 21080 --- [main] o.s.boot.SpringApplication               : Unable to close ApplicationContext

java.lang.IllegalStateException: Failed to introspect Class [com.hmall.common.config.MqConfig] from ClassLoader [jdk.internal.loader.ClassLoaders$AppClassLoader@7b1d7fff]
	at org.springframework.util.ReflectionUtils.getDeclaredMethods(ReflectionUtils.java:485) ~[spring-core-5.3.27.jar:5.3.27]
	at org.springframework.util.ReflectionUtils.doWithMethods(ReflectionUtils.java:361) ~[spring-core-5.3.27.jar:5.3.27]
	at org.springframework.util.ReflectionUtils.getUniqueDeclaredMethods(ReflectionUtils.java:418) ~[spring-core-5.3.27.jar:5.3.27]
	at org.springframework.beans.factory.support.AbstractAutowireCapableBeanFactory.lambda$getTypeForFactoryMethod$2(AbstractAutowireCapableBeanFactory.java:765) ~[spring-beans-5.3.27.jar:5.3.27]
	at java.base/java.util.concurrent.ConcurrentHashMap.computeIfAbsent(ConcurrentHashMap.java:1737) ~[na:na]
	at org.springframework.beans.factory.support.AbstractAutowireCapableBeanFactory.getTypeForFactoryMethod(AbstractAutowireCapableBeanFactory.java:764) ~[spring-beans-5.3.27.jar:5.3.27]
	at org.springframework.beans.factory.support.AbstractAutowireCapableBeanFactory.determineTargetType(AbstractAutowireCapableBeanFactory.java:703) ~[spring-beans-5.3.27.jar:5.3.27]
	at org.springframework.beans.factory.support.AbstractAutowireCapableBeanFactory.predictBeanType(AbstractAutowireCapableBeanFactory.java:674) ~[spring-beans-5.3.27.jar:5.3.27]
	at org.springframework.beans.factory.support.AbstractBeanFactory.isFactoryBean(AbstractBeanFactory.java:1684) ~[spring-beans-5.3.27.jar:5.3.27]
	at org.springframework.beans.factory.support.DefaultListableBeanFactory.doGetBeanNamesForType(DefaultListableBeanFactory.java:570) ~[spring-beans-5.3.27.jar:5.3.27]
	at org.springframework.beans.factory.support.DefaultListableBeanFactory.getBeanNamesForType(DefaultListableBeanFactory.java:542) ~[spring-beans-5.3.27.jar:5.3.27]
	at org.springframework.beans.factory.support.DefaultListableBeanFactory.getBeansOfType(DefaultListableBeanFactory.java:669) ~[spring-beans-5.3.27.jar:5.3.27]
	at org.springframework.beans.factory.support.DefaultListableBeanFactory.getBeansOfType(DefaultListableBeanFactory.java:661) ~[spring-beans-5.3.27.jar:5.3.27]
	at org.springframework.context.support.AbstractApplicationContext.getBeansOfType(AbstractApplicationContext.java:1302) ~[spring-context-5.3.27.jar:5.3.27]
	at org.springframework.boot.SpringApplication.getExitCodeFromMappedException(SpringApplication.java:864) ~[spring-boot-2.7.12.jar:2.7.12]
	at org.springframework.boot.SpringApplication.getExitCodeFromException(SpringApplication.java:852) ~[spring-boot-2.7.12.jar:2.7.12]
	at org.springframework.boot.SpringApplication.handleExitCode(SpringApplication.java:839) ~[spring-boot-2.7.12.jar:2.7.12]
	at org.springframework.boot.SpringApplication.handleRunFailure(SpringApplication.java:779) ~[spring-boot-2.7.12.jar:2.7.12]
	at org.springframework.boot.SpringApplication.run(SpringApplication.java:317) ~[spring-boot-2.7.12.jar:2.7.12]
	at org.springframework.boot.SpringApplication.run(SpringApplication.java:1303) ~[spring-boot-2.7.12.jar:2.7.12]
	at org.springframework.boot.SpringApplication.run(SpringApplication.java:1292) ~[spring-boot-2.7.12.jar:2.7.12]
	at com.hmall.cart.CartApplication.main(CartApplication.java:14) ~[classes/:na]
Caused by: java.lang.NoClassDefFoundError: org/springframework/amqp/support/converter/MessageConverter
	at java.base/java.lang.Class.getDeclaredMethods0(Native Method) ~[na:na]
	at java.base/java.lang.Class.privateGetDeclaredMethods(Class.java:3166) ~[na:na]
	at java.base/java.lang.Class.getDeclaredMethods(Class.java:2309) ~[na:na]
	at org.springframework.util.ReflectionUtils.getDeclaredMethods(ReflectionUtils.java:467) ~[spring-core-5.3.27.jar:5.3.27]
	... 21 common frames omitted
Caused by: java.lang.ClassNotFoundException: org.springframework.amqp.support.converter.MessageConverter
	at java.base/jdk.internal.loader.BuiltinClassLoader.loadClass(BuiltinClassLoader.java:581) ~[na:na]
	at java.base/jdk.internal.loader.ClassLoaders$AppClassLoader.loadClass(ClassLoaders.java:178) ~[na:na]
	at java.base/java.lang.ClassLoader.loadClass(ClassLoader.java:526) ~[na:na]
	... 25 common frames omitted

22:16:09:535  WARN 21080 --- [Thread-1] c.a.n.common.http.HttpClientBeanHolder   : [HttpClientBeanHolder] Start destroying common HttpClient
22:16:09:535  WARN 21080 --- [Thread-5] c.a.nacos.common.notify.NotifyCenter     : [NotifyCenter] Start destroying Publisher
22:16:09:536  WARN 21080 --- [Thread-5] c.a.nacos.common.notify.NotifyCenter     : [NotifyCenter] Destruction of the end
22:20:24:520  INFO 21204 --- [main] com.hmall.cart.CartApplication           : The following 1 profile is active: "local"
22:20:25:333  INFO 21204 --- [main] o.s.cloud.context.scope.GenericScope     : BeanFactory id=93a88530-d9a5-3891-b58d-342321b3070f
22:20:25:388  INFO 21204 --- [main] trationDelegate$BeanPostProcessorChecker : Bean 'io.seata.spring.boot.autoconfigure.SeataCoreAutoConfiguration' of type [io.seata.spring.boot.autoconfigure.SeataCoreAutoConfiguration] is not eligible for getting processed by all BeanPostProcessors (for example: not eligible for auto-proxying)
22:20:25:388  INFO 21204 --- [main] trationDelegate$BeanPostProcessorChecker : Bean 'springApplicationContextProvider' of type [io.seata.spring.boot.autoconfigure.provider.SpringApplicationContextProvider] is not eligible for getting processed by all BeanPostProcessors (for example: not eligible for auto-proxying)
22:20:25:389  INFO 21204 --- [main] trationDelegate$BeanPostProcessorChecker : Bean 'io.seata.spring.boot.autoconfigure.SeataAutoConfiguration' of type [io.seata.spring.boot.autoconfigure.SeataAutoConfiguration] is not eligible for getting processed by all BeanPostProcessors (for example: not eligible for auto-proxying)
22:20:25:410  INFO 21204 --- [main] trationDelegate$BeanPostProcessorChecker : Bean 'failureHandler' of type [io.seata.tm.api.DefaultFailureHandlerImpl] is not eligible for getting processed by all BeanPostProcessors (for example: not eligible for auto-proxying)
22:20:25:412  INFO 21204 --- [main] trationDelegate$BeanPostProcessorChecker : Bean 'org.springframework.cloud.commons.config.CommonsConfigAutoConfiguration' of type [org.springframework.cloud.commons.config.CommonsConfigAutoConfiguration] is not eligible for getting processed by all BeanPostProcessors (for example: not eligible for auto-proxying)
22:20:25:413  INFO 21204 --- [main] trationDelegate$BeanPostProcessorChecker : Bean 'org.springframework.cloud.client.loadbalancer.LoadBalancerDefaultMappingsProviderAutoConfiguration' of type [org.springframework.cloud.client.loadbalancer.LoadBalancerDefaultMappingsProviderAutoConfiguration] is not eligible for getting processed by all BeanPostProcessors (for example: not eligible for auto-proxying)
22:20:25:413  INFO 21204 --- [main] trationDelegate$BeanPostProcessorChecker : Bean 'loadBalancerClientsDefaultsMappingsProvider' of type [org.springframework.cloud.client.loadbalancer.LoadBalancerDefaultMappingsProviderAutoConfiguration$$Lambda$568/0x0000000800634c40] is not eligible for getting processed by all BeanPostProcessors (for example: not eligible for auto-proxying)
22:20:25:414  INFO 21204 --- [main] trationDelegate$BeanPostProcessorChecker : Bean 'defaultsBindHandlerAdvisor' of type [org.springframework.cloud.commons.config.DefaultsBindHandlerAdvisor] is not eligible for getting processed by all BeanPostProcessors (for example: not eligible for auto-proxying)
22:20:25:415  INFO 21204 --- [main] trationDelegate$BeanPostProcessorChecker : Bean 'springCloudAlibabaConfiguration' of type [io.seata.spring.boot.autoconfigure.properties.SpringCloudAlibabaConfiguration] is not eligible for getting processed by all BeanPostProcessors (for example: not eligible for auto-proxying)
22:20:25:416  INFO 21204 --- [main] trationDelegate$BeanPostProcessorChecker : Bean 'seataProperties' of type [io.seata.spring.boot.autoconfigure.properties.SeataProperties] is not eligible for getting processed by all BeanPostProcessors (for example: not eligible for auto-proxying)
22:20:25:418  INFO 21204 --- [main] i.s.s.b.a.SeataAutoConfiguration         : Automatically configure Seata
22:20:25:461  INFO 21204 --- [main] io.seata.config.ConfigurationFactory     : load Configuration from :Spring Configuration
22:20:25:464  INFO 21204 --- [main] io.seata.config.ConfigurationFactory     : load Configuration from :Spring Configuration
22:20:25:500  INFO 21204 --- [main] i.s.s.a.GlobalTransactionScanner         : Initializing Global Transaction Clients ... 
22:20:25:548  INFO 21204 --- [main] i.s.core.rpc.netty.NettyClientBootstrap  : NettyClientBootstrap has started
22:20:25:874  INFO 21204 --- [main] com.alibaba.nacos.common.remote.client   : [RpcClientFactory] create a new rpc client of d3a3870e-2085-4e75-86ac-2b86a7a15690
22:20:25:874  INFO 21204 --- [main] com.alibaba.nacos.common.remote.client   : [d3a3870e-2085-4e75-86ac-2b86a7a15690] RpcClient init label, labels = {module=naming, source=sdk}
22:20:25:876  INFO 21204 --- [main] com.alibaba.nacos.common.remote.client   : [d3a3870e-2085-4e75-86ac-2b86a7a15690] RpcClient init, ServerListFactory = com.alibaba.nacos.client.naming.core.ServerListManager
22:20:25:876  INFO 21204 --- [main] com.alibaba.nacos.common.remote.client   : [d3a3870e-2085-4e75-86ac-2b86a7a15690] Registry connection listener to current client:com.alibaba.nacos.client.naming.remote.gprc.redo.NamingGrpcRedoService
22:20:25:876  INFO 21204 --- [main] com.alibaba.nacos.common.remote.client   : [d3a3870e-2085-4e75-86ac-2b86a7a15690] Register server push request handler:com.alibaba.nacos.client.naming.remote.gprc.NamingPushRequestHandler
22:20:25:877  INFO 21204 --- [main] com.alibaba.nacos.common.remote.client   : [d3a3870e-2085-4e75-86ac-2b86a7a15690] Try to connect to server on start up, server: {serverIp = '110.41.61.31', server main port = 8848}
22:20:26:154  INFO 21204 --- [main] com.alibaba.nacos.common.remote.client   : [d3a3870e-2085-4e75-86ac-2b86a7a15690] Success to connect to server [110.41.61.31:8848] on start up, connectionId = 1764771624564_110.86.197.156_55298
22:20:26:154  INFO 21204 --- [main] com.alibaba.nacos.common.remote.client   : [d3a3870e-2085-4e75-86ac-2b86a7a15690] Register server push request handler:com.alibaba.nacos.common.remote.client.RpcClient$ConnectResetRequestHandler
22:20:26:154  INFO 21204 --- [main] com.alibaba.nacos.common.remote.client   : [d3a3870e-2085-4e75-86ac-2b86a7a15690] Register server push request handler:com.alibaba.nacos.common.remote.client.RpcClient$$Lambda$475/0x000000080041b840
22:20:26:154  INFO 21204 --- [com.alibaba.nacos.client.remote.worker] com.alibaba.nacos.common.remote.client   : [d3a3870e-2085-4e75-86ac-2b86a7a15690] Notify connected event to listeners.
22:20:26:253  INFO 21204 --- [main] i.s.c.r.netty.NettyClientChannelManager  : will connect to 110.41.61.31:8099
22:20:26:415  INFO 21204 --- [main] i.s.core.rpc.netty.NettyPoolableFactory  : NettyPool create channel to transactionRole:TMROLE,address:110.41.61.31:8099,msg:< RegisterTMRequest{applicationId='cart-service', transactionServiceGroup='hmall'} >
22:20:26:805  INFO 21204 --- [main] i.s.c.rpc.netty.TmNettyRemotingClient    : register TM success. client version:1.5.2, server version:1.5.2,channel:[id: 0x0506f922, L:/192.168.73.91:9026 - R:/110.41.61.31:8099]
22:20:26:808  INFO 21204 --- [main] i.s.core.rpc.netty.NettyPoolableFactory  : register success, cost 93 ms, version:1.5.2,role:TMROLE,channel:[id: 0x0506f922, L:/192.168.73.91:9026 - R:/110.41.61.31:8099]
22:20:26:809  INFO 21204 --- [main] i.s.s.a.GlobalTransactionScanner         : Transaction Manager Client is initialized. applicationId[cart-service] txServiceGroup[hmall]
22:20:26:815  INFO 21204 --- [main] io.seata.rm.datasource.AsyncWorker       : Async Commit Buffer Limit: 10000
22:20:26:815  INFO 21204 --- [main] i.s.rm.datasource.xa.ResourceManagerXA   : ResourceManagerXA init ...
22:20:26:816  INFO 21204 --- [nacos-grpc-client-executor-7] com.alibaba.nacos.common.remote.client   : [d3a3870e-2085-4e75-86ac-2b86a7a15690] Receive server push request, request = NotifySubscriberRequest, requestId = 23
22:20:26:818  INFO 21204 --- [nacos-grpc-client-executor-7] com.alibaba.nacos.common.remote.client   : [d3a3870e-2085-4e75-86ac-2b86a7a15690] Ack server push request, request = NotifySubscriberRequest, requestId = 23
22:20:26:821  INFO 21204 --- [main] i.s.core.rpc.netty.NettyClientBootstrap  : NettyClientBootstrap has started
22:20:26:821  INFO 21204 --- [main] i.s.s.a.GlobalTransactionScanner         : Resource Manager is initialized. applicationId[cart-service] txServiceGroup[hmall]
22:20:26:821  INFO 21204 --- [main] i.s.s.a.GlobalTransactionScanner         : Global Transaction Clients are initialized. 
22:20:26:822  INFO 21204 --- [main] trationDelegate$BeanPostProcessorChecker : Bean 'io.seata.spring.boot.autoconfigure.SeataDataSourceAutoConfiguration' of type [io.seata.spring.boot.autoconfigure.SeataDataSourceAutoConfiguration] is not eligible for getting processed by all BeanPostProcessors (for example: not eligible for auto-proxying)
22:20:27:013  INFO 21204 --- [main] trationDelegate$BeanPostProcessorChecker : Bean 'com.alibaba.cloud.seata.feign.SeataFeignClientAutoConfiguration$FeignBeanPostProcessorConfiguration' of type [com.alibaba.cloud.seata.feign.SeataFeignClientAutoConfiguration$FeignBeanPostProcessorConfiguration] is not eligible for getting processed by all BeanPostProcessors (for example: not eligible for auto-proxying)
22:20:27:015  INFO 21204 --- [main] trationDelegate$BeanPostProcessorChecker : Bean 'seataFeignObjectWrapper' of type [com.alibaba.cloud.seata.feign.SeataFeignObjectWrapper] is not eligible for getting processed by all BeanPostProcessors (for example: not eligible for auto-proxying)
22:20:27:189  INFO 21204 --- [main] o.s.b.w.embedded.tomcat.TomcatWebServer  : Tomcat initialized with port(s): 8082 (http)
22:20:27:195  INFO 21204 --- [main] o.apache.catalina.core.StandardService   : Starting service [Tomcat]
22:20:27:196  INFO 21204 --- [main] org.apache.catalina.core.StandardEngine  : Starting Servlet engine: [Apache Tomcat/9.0.75]
22:20:27:333  INFO 21204 --- [main] o.a.c.c.C.[Tomcat].[localhost].[/]       : Initializing Spring embedded WebApplicationContext
22:20:27:333  INFO 21204 --- [main] w.s.c.ServletWebServerApplicationContext : Root WebApplicationContext: initialization completed in 2801 ms
22:20:27:585  INFO 21204 --- [main] o.s.c.openfeign.FeignClientFactoryBean   : For 'item-service' URL not provided. Will try picking an instance via load-balancing.
22:20:27:857  INFO 21204 --- [main] com.zaxxer.hikari.HikariDataSource       : HikariPool-1 - Starting...
22:20:29:229  INFO 21204 --- [main] com.zaxxer.hikari.HikariDataSource       : HikariPool-1 - Start completed.
22:20:29:243  INFO 21204 --- [main] i.s.c.r.netty.NettyClientChannelManager  : will connect to 110.41.61.31:8099
22:20:29:243  INFO 21204 --- [main] i.s.c.rpc.netty.RmNettyRemotingClient    : RM will register :jdbc:mysql://110.41.61.31:3306/hm-cart
22:20:29:245  INFO 21204 --- [main] i.s.core.rpc.netty.NettyPoolableFactory  : NettyPool create channel to transactionRole:RMROLE,address:110.41.61.31:8099,msg:< RegisterRMRequest{resourceIds='jdbc:mysql://110.41.61.31:3306/hm-cart', applicationId='cart-service', transactionServiceGroup='hmall'} >
22:20:29:489  INFO 21204 --- [main] i.s.c.rpc.netty.RmNettyRemotingClient    : register RM success. client version:1.5.2, server version:1.5.2,channel:[id: 0x4321e8a5, L:/192.168.73.91:9042 - R:/110.41.61.31:8099]
22:20:29:489  INFO 21204 --- [main] i.s.core.rpc.netty.NettyPoolableFactory  : register success, cost 88 ms, version:1.5.2,role:RMROLE,channel:[id: 0x4321e8a5, L:/192.168.73.91:9042 - R:/110.41.61.31:8099]
22:20:30:208  INFO 21204 --- [main] i.s.s.a.GlobalTransactionScanner         : Bean[com.hmall.cart.service.impl.CartServiceImpl$$EnhancerBySpringCGLIB$$5658b617] with name [cartServiceImpl] would use interceptor [io.seata.spring.annotation.GlobalTransactionalInterceptor]
22:20:30:319  INFO 21204 --- [main] c.a.c.sentinel.SentinelWebMvcConfigurer  : [Sentinel Starter] register SentinelWebInterceptor with urlPatterns: [/**].
22:20:30:883  INFO 21204 --- [main] pertySourcedRequestMappingHandlerMapping : Mapped URL path [/v2/api-docs] onto method [springfox.documentation.swagger2.web.Swagger2ControllerWebMvc#getDocumentation(String, HttpServletRequest)]
22:20:31:337  INFO 21204 --- [main] com.alibaba.nacos.common.remote.client   : [RpcClientFactory] create a new rpc client of 5fdd46ca-0b42-44a9-b6d4-cf3847611b04
22:20:31:338  INFO 21204 --- [main] com.alibaba.nacos.common.remote.client   : [5fdd46ca-0b42-44a9-b6d4-cf3847611b04] RpcClient init label, labels = {module=naming, source=sdk}
22:20:31:338  INFO 21204 --- [main] com.alibaba.nacos.common.remote.client   : [5fdd46ca-0b42-44a9-b6d4-cf3847611b04] RpcClient init, ServerListFactory = com.alibaba.nacos.client.naming.core.ServerListManager
22:20:31:338  INFO 21204 --- [main] com.alibaba.nacos.common.remote.client   : [5fdd46ca-0b42-44a9-b6d4-cf3847611b04] Registry connection listener to current client:com.alibaba.nacos.client.naming.remote.gprc.redo.NamingGrpcRedoService
22:20:31:338  INFO 21204 --- [main] com.alibaba.nacos.common.remote.client   : [5fdd46ca-0b42-44a9-b6d4-cf3847611b04] Register server push request handler:com.alibaba.nacos.client.naming.remote.gprc.NamingPushRequestHandler
22:20:31:338  INFO 21204 --- [main] com.alibaba.nacos.common.remote.client   : [5fdd46ca-0b42-44a9-b6d4-cf3847611b04] Try to connect to server on start up, server: {serverIp = '110.41.61.31', server main port = 8848}
22:20:31:628  INFO 21204 --- [main] com.alibaba.nacos.common.remote.client   : [5fdd46ca-0b42-44a9-b6d4-cf3847611b04] Success to connect to server [110.41.61.31:8848] on start up, connectionId = 1764771630013_110.86.197.156_55305
22:20:31:628  INFO 21204 --- [main] com.alibaba.nacos.common.remote.client   : [5fdd46ca-0b42-44a9-b6d4-cf3847611b04] Register server push request handler:com.alibaba.nacos.common.remote.client.RpcClient$ConnectResetRequestHandler
22:20:31:628  INFO 21204 --- [main] com.alibaba.nacos.common.remote.client   : [5fdd46ca-0b42-44a9-b6d4-cf3847611b04] Register server push request handler:com.alibaba.nacos.common.remote.client.RpcClient$$Lambda$475/0x000000080041b840
22:20:31:628  INFO 21204 --- [com.alibaba.nacos.client.remote.worker] com.alibaba.nacos.common.remote.client   : [5fdd46ca-0b42-44a9-b6d4-cf3847611b04] Notify connected event to listeners.
22:20:31:702  INFO 21204 --- [main] o.s.b.w.embedded.tomcat.TomcatWebServer  : Tomcat started on port(s): 8082 (http) with context path ''
22:20:31:773  INFO 21204 --- [main] c.a.c.n.registry.NacosServiceRegistry    : nacos registry, DEFAULT_GROUP cart-service 192.168.73.91:8082 register finished
22:20:32:025  INFO 21204 --- [main] d.s.w.p.DocumentationPluginsBootstrapper : Documentation plugins bootstrapped
22:20:32:029  INFO 21204 --- [main] d.s.w.p.DocumentationPluginsBootstrapper : Found 1 custom documentation plugin(s)
22:20:32:050  INFO 21204 --- [main] s.d.s.w.s.ApiListingReferenceScanner     : Scanning for api listing references
22:20:32:113  INFO 21204 --- [main] com.hmall.cart.CartApplication           : Started CartApplication in 10.711 seconds (JVM running for 11.438)
22:20:32:119  INFO 21204 --- [main] c.a.c.n.refresh.NacosContextRefresher    : [Nacos Config] Listening config: dataId=cart-service, group=DEFAULT_GROUP
22:20:32:120  INFO 21204 --- [main] c.a.c.n.refresh.NacosContextRefresher    : [Nacos Config] Listening config: dataId=cart-service.yaml, group=DEFAULT_GROUP
22:20:32:121  INFO 21204 --- [main] c.a.c.n.refresh.NacosContextRefresher    : [Nacos Config] Listening config: dataId=cart-service-local.yaml, group=DEFAULT_GROUP
22:20:32:218  INFO 21204 --- [nacos-grpc-client-executor-6] com.alibaba.nacos.common.remote.client   : [5fdd46ca-0b42-44a9-b6d4-cf3847611b04] Receive server push request, request = NotifySubscriberRequest, requestId = 26
22:20:32:220  INFO 21204 --- [nacos-grpc-client-executor-6] com.alibaba.nacos.common.remote.client   : [5fdd46ca-0b42-44a9-b6d4-cf3847611b04] Ack server push request, request = NotifySubscriberRequest, requestId = 26
22:20:51:171  INFO 21204 --- [http-nio-8082-exec-1] o.a.c.c.C.[Tomcat].[localhost].[/]       : Initializing Spring DispatcherServlet 'dispatcherServlet'
22:20:51:171  INFO 21204 --- [http-nio-8082-exec-1] o.s.web.servlet.DispatcherServlet        : Initializing Servlet 'dispatcherServlet'
22:20:51:173  INFO 21204 --- [http-nio-8082-exec-1] o.s.web.servlet.DispatcherServlet        : Completed initialization in 2 ms
22:20:51:422 DEBUG 21204 --- [http-nio-8082-exec-1] c.h.cart.mapper.CartMapper.selectList    : ==>  Preparing: SELECT id,user_id,item_id,num,name,spec,price,image,create_time,update_time FROM cart WHERE (user_id = ?)
22:20:51:436 DEBUG 21204 --- [http-nio-8082-exec-1] c.h.cart.mapper.CartMapper.selectList    : ==> Parameters: 1(Long)
22:20:51:629 DEBUG 21204 --- [http-nio-8082-exec-1] c.h.cart.mapper.CartMapper.selectList    : <==      Total: 4
22:20:51:662 DEBUG 21204 --- [http-nio-8082-exec-1] com.hmall.api.client.ItemClient          : [ItemClient#queryItemByIds] ---> GET http://item-service/items?ids=8533120&ids=100000003145&ids=2120808&ids=14741770661 HTTP/1.1
22:20:51:662 DEBUG 21204 --- [http-nio-8082-exec-1] com.hmall.api.client.ItemClient          : [ItemClient#queryItemByIds] user-info: 1
22:20:51:662 DEBUG 21204 --- [http-nio-8082-exec-1] com.hmall.api.client.ItemClient          : [ItemClient#queryItemByIds] ---> END HTTP (0-byte body)
22:20:52:265 DEBUG 21204 --- [http-nio-8082-exec-1] com.hmall.api.client.ItemClient          : [ItemClient#queryItemByIds] <--- HTTP/1.1 200  (603ms)
22:20:52:265 DEBUG 21204 --- [http-nio-8082-exec-1] com.hmall.api.client.ItemClient          : [ItemClient#queryItemByIds] connection: keep-alive
22:20:52:265 DEBUG 21204 --- [http-nio-8082-exec-1] com.hmall.api.client.ItemClient          : [ItemClient#queryItemByIds] content-type: application/json
22:20:52:265 DEBUG 21204 --- [http-nio-8082-exec-1] com.hmall.api.client.ItemClient          : [ItemClient#queryItemByIds] date: Wed, 03 Dec 2025 14:20:52 GMT
22:20:52:265 DEBUG 21204 --- [http-nio-8082-exec-1] com.hmall.api.client.ItemClient          : [ItemClient#queryItemByIds] keep-alive: timeout=60
22:20:52:265 DEBUG 21204 --- [http-nio-8082-exec-1] com.hmall.api.client.ItemClient          : [ItemClient#queryItemByIds] transfer-encoding: chunked
22:20:52:265 DEBUG 21204 --- [http-nio-8082-exec-1] com.hmall.api.client.ItemClient          : [ItemClient#queryItemByIds] 
22:20:52:266 DEBUG 21204 --- [http-nio-8082-exec-1] com.hmall.api.client.ItemClient          : [ItemClient#queryItemByIds] [{"id":"2120808","name":"姬龙雪 guy laroche女包 GL经典手提包女牛皮大容量单肩包女欧美时尚包包女包GS1210001-06杏色","price":71800,"stock":9982,"image":"https://m.360buyimg.com/mobilecms/s720x720_jfs/t30694/267/398774087/90954/6fc143cf/5bf25358N14dadbf7.jpg!q70.jpg.webp","category":"真皮包","brand":"姬龙雪","spec":"{}","sold":0,"commentCount":0,"isAD":false,"status":1},{"id":"8533120","name":"海尔 （Haier ）LQ65H31 65英寸 4K曲面人工智能全面屏超高清LED液晶电视","price":379500,"stock":9998,"image":"https://m.360buyimg.com/mobilecms/s720x720_jfs/t1/2851/14/13998/101463/5bd9723cE81b2c299/1bfdf2d1628648e4.jpg!q70.jpg.webp","category":"曲面电视","brand":"海尔","spec":"{}","sold":0,"commentCount":0,"isAD":false,"status":1},{"id":"14741770661","name":"康佳（KONKA） LED49UC3 49英寸超薄曲面36核4K HDR人工智能电视","price":144600,"stock":9995,"image":"https://m.360buyimg.com/mobilecms/s720x720_jfs/t16477/84/2032772431/400946/2887be91/5a912776N7e343ec3.jpg!q70.jpg.webp","category":"曲面电视","brand":"康佳","spec":"{}","sold":0,"commentCount":0,"isAD":false,"status":1},{"id":"100000003145","name":"vivo X23 8GB+128GB 幻夜蓝 水滴屏全面屏 游戏手机 移动联通电信全网通4G手机","price":95900,"stock":9998,"image":"https://m.360buyimg.com/mobilecms/s720x720_jfs/t1/4612/28/6223/298257/5ba22d66Ef665222f/d97ed0b25cbe8c6e.jpg!q70.jpg.webp","category":"手机","brand":"vivo","spec":"{\"颜色\": \"红色\", \"版本\": \"8GB+128GB\"}","sold":11212,"commentCount":1231312,"isAD":true,"status":1}]
22:20:52:267 DEBUG 21204 --- [http-nio-8082-exec-1] com.hmall.api.client.ItemClient          : [ItemClient#queryItemByIds] <--- END HTTP (1598-byte body)
22:20:52:337  INFO 21204 --- [nacos-grpc-client-executor-12] com.alibaba.nacos.common.remote.client   : [5fdd46ca-0b42-44a9-b6d4-cf3847611b04] Receive server push request, request = NotifySubscriberRequest, requestId = 28
22:20:52:337  INFO 21204 --- [nacos-grpc-client-executor-12] com.alibaba.nacos.common.remote.client   : [5fdd46ca-0b42-44a9-b6d4-cf3847611b04] Ack server push request, request = NotifySubscriberRequest, requestId = 28
22:22:02:860  WARN 21204 --- [Thread-1] c.a.n.common.http.HttpClientBeanHolder   : [HttpClientBeanHolder] Start destroying common HttpClient
22:22:02:860  WARN 21204 --- [Thread-5] c.a.nacos.common.notify.NotifyCenter     : [NotifyCenter] Start destroying Publisher
22:22:02:861  WARN 21204 --- [Thread-5] c.a.nacos.common.notify.NotifyCenter     : [NotifyCenter] Destruction of the end
22:22:02:862  WARN 21204 --- [Thread-1] c.a.n.common.http.HttpClientBeanHolder   : [HttpClientBeanHolder] Destruction of the end
22:22:03:120  INFO 21204 --- [SpringContextShutdownHook] c.a.c.n.registry.NacosServiceRegistry    : De-registering from Nacos Server now...
22:22:03:189  INFO 21204 --- [SpringContextShutdownHook] c.a.c.n.registry.NacosServiceRegistry    : De-registration finished.
22:22:03:521  INFO 21204 --- [SpringContextShutdownHook] com.alibaba.nacos.common.remote.client   : Shutdown rpc client, set status to shutdown
22:22:03:521  INFO 21204 --- [SpringContextShutdownHook] com.alibaba.nacos.common.remote.client   : Shutdown client event executor java.util.concurrent.ScheduledThreadPoolExecutor@412f9c2f[Running, pool size = 2, active threads = 2, queued tasks = 0, completed tasks = 0]
22:22:03:521  INFO 21204 --- [SpringContextShutdownHook] com.alibaba.nacos.common.remote.client   : Close current connection 1764771630013_110.86.197.156_55305
22:22:03:525  INFO 21204 --- [SpringContextShutdownHook] c.a.n.c.remote.client.grpc.GrpcClient    : Shutdown grpc executor java.util.concurrent.ThreadPoolExecutor@5a5b0ab0[Running, pool size = 4, active threads = 0, queued tasks = 0, completed tasks = 33]
22:22:03:527  INFO 21204 --- [SpringContextShutdownHook] com.zaxxer.hikari.HikariDataSource       : HikariPool-1 - Shutdown initiated...
22:22:04:207  INFO 21204 --- [SpringContextShutdownHook] com.zaxxer.hikari.HikariDataSource       : HikariPool-1 - Shutdown completed.
22:22:04:211  INFO 21204 --- [NettyClientSelector_RMROLE_1_1] i.s.c.r.n.AbstractNettyRemotingClient    : channel inactive: [id: 0x4321e8a5, L:/192.168.73.91:9042 ! R:/110.41.61.31:8099]
22:22:04:211  INFO 21204 --- [NettyClientSelector_RMROLE_1_1] i.s.c.r.netty.NettyClientChannelManager  : return to pool, rm channel:[id: 0x4321e8a5, L:/192.168.73.91:9042 ! R:/110.41.61.31:8099]
22:22:04:211  INFO 21204 --- [NettyClientSelector_RMROLE_1_1] i.s.core.rpc.netty.NettyPoolableFactory  : channel valid false,channel:[id: 0x4321e8a5, L:/192.168.73.91:9042 ! R:/110.41.61.31:8099]
22:22:04:212  INFO 21204 --- [NettyClientSelector_RMROLE_1_1] i.s.core.rpc.netty.NettyPoolableFactory  : will destroy channel:[id: 0x4321e8a5, L:/192.168.73.91:9042 ! R:/110.41.61.31:8099]
22:22:04:212  INFO 21204 --- [NettyClientSelector_RMROLE_1_1] i.s.c.r.n.AbstractNettyRemotingClient    : ChannelHandlerContext(AbstractNettyRemotingClient$ClientHandler#0, [id: 0x4321e8a5, L:/192.168.73.91:9042 ! R:/110.41.61.31:8099]) will closed
22:22:04:212  INFO 21204 --- [NettyClientSelector_RMROLE_1_1] i.s.c.r.n.AbstractNettyRemotingClient    : ChannelHandlerContext(AbstractNettyRemotingClient$ClientHandler#0, [id: 0x4321e8a5, L:/192.168.73.91:9042 ! R:/110.41.61.31:8099]) will closed
22:27:08:569  INFO 11548 --- [main] com.hmall.cart.CartApplication           : The following 1 profile is active: "local"
22:27:09:495  INFO 11548 --- [main] o.s.cloud.context.scope.GenericScope     : BeanFactory id=84c3bcb9-fc4d-3d37-9220-28222a33c782
22:27:09:550  INFO 11548 --- [main] trationDelegate$BeanPostProcessorChecker : Bean 'io.seata.spring.boot.autoconfigure.SeataCoreAutoConfiguration' of type [io.seata.spring.boot.autoconfigure.SeataCoreAutoConfiguration] is not eligible for getting processed by all BeanPostProcessors (for example: not eligible for auto-proxying)
22:27:09:550  INFO 11548 --- [main] trationDelegate$BeanPostProcessorChecker : Bean 'springApplicationContextProvider' of type [io.seata.spring.boot.autoconfigure.provider.SpringApplicationContextProvider] is not eligible for getting processed by all BeanPostProcessors (for example: not eligible for auto-proxying)
22:27:09:551  INFO 11548 --- [main] trationDelegate$BeanPostProcessorChecker : Bean 'io.seata.spring.boot.autoconfigure.SeataAutoConfiguration' of type [io.seata.spring.boot.autoconfigure.SeataAutoConfiguration] is not eligible for getting processed by all BeanPostProcessors (for example: not eligible for auto-proxying)
22:27:09:576  INFO 11548 --- [main] trationDelegate$BeanPostProcessorChecker : Bean 'failureHandler' of type [io.seata.tm.api.DefaultFailureHandlerImpl] is not eligible for getting processed by all BeanPostProcessors (for example: not eligible for auto-proxying)
22:27:09:579  INFO 11548 --- [main] trationDelegate$BeanPostProcessorChecker : Bean 'org.springframework.cloud.commons.config.CommonsConfigAutoConfiguration' of type [org.springframework.cloud.commons.config.CommonsConfigAutoConfiguration] is not eligible for getting processed by all BeanPostProcessors (for example: not eligible for auto-proxying)
22:27:09:579  INFO 11548 --- [main] trationDelegate$BeanPostProcessorChecker : Bean 'org.springframework.cloud.client.loadbalancer.LoadBalancerDefaultMappingsProviderAutoConfiguration' of type [org.springframework.cloud.client.loadbalancer.LoadBalancerDefaultMappingsProviderAutoConfiguration] is not eligible for getting processed by all BeanPostProcessors (for example: not eligible for auto-proxying)
22:27:09:580  INFO 11548 --- [main] trationDelegate$BeanPostProcessorChecker : Bean 'loadBalancerClientsDefaultsMappingsProvider' of type [org.springframework.cloud.client.loadbalancer.LoadBalancerDefaultMappingsProviderAutoConfiguration$$Lambda$568/0x0000000800634c40] is not eligible for getting processed by all BeanPostProcessors (for example: not eligible for auto-proxying)
22:27:09:580  INFO 11548 --- [main] trationDelegate$BeanPostProcessorChecker : Bean 'defaultsBindHandlerAdvisor' of type [org.springframework.cloud.commons.config.DefaultsBindHandlerAdvisor] is not eligible for getting processed by all BeanPostProcessors (for example: not eligible for auto-proxying)
22:27:09:583  INFO 11548 --- [main] trationDelegate$BeanPostProcessorChecker : Bean 'springCloudAlibabaConfiguration' of type [io.seata.spring.boot.autoconfigure.properties.SpringCloudAlibabaConfiguration] is not eligible for getting processed by all BeanPostProcessors (for example: not eligible for auto-proxying)
22:27:09:584  INFO 11548 --- [main] trationDelegate$BeanPostProcessorChecker : Bean 'seataProperties' of type [io.seata.spring.boot.autoconfigure.properties.SeataProperties] is not eligible for getting processed by all BeanPostProcessors (for example: not eligible for auto-proxying)
22:27:09:586  INFO 11548 --- [main] i.s.s.b.a.SeataAutoConfiguration         : Automatically configure Seata
22:27:09:625  INFO 11548 --- [main] io.seata.config.ConfigurationFactory     : load Configuration from :Spring Configuration
22:27:09:630  INFO 11548 --- [main] io.seata.config.ConfigurationFactory     : load Configuration from :Spring Configuration
22:27:09:698  INFO 11548 --- [main] i.s.s.a.GlobalTransactionScanner         : Initializing Global Transaction Clients ... 
22:27:09:762  INFO 11548 --- [main] i.s.core.rpc.netty.NettyClientBootstrap  : NettyClientBootstrap has started
22:27:10:173  INFO 11548 --- [main] com.alibaba.nacos.common.remote.client   : [RpcClientFactory] create a new rpc client of 7af3f77e-d03f-4913-b4fc-b99f7a82c1bb
22:27:10:173  INFO 11548 --- [main] com.alibaba.nacos.common.remote.client   : [7af3f77e-d03f-4913-b4fc-b99f7a82c1bb] RpcClient init label, labels = {module=naming, source=sdk}
22:27:10:174  INFO 11548 --- [main] com.alibaba.nacos.common.remote.client   : [7af3f77e-d03f-4913-b4fc-b99f7a82c1bb] RpcClient init, ServerListFactory = com.alibaba.nacos.client.naming.core.ServerListManager
22:27:10:174  INFO 11548 --- [main] com.alibaba.nacos.common.remote.client   : [7af3f77e-d03f-4913-b4fc-b99f7a82c1bb] Registry connection listener to current client:com.alibaba.nacos.client.naming.remote.gprc.redo.NamingGrpcRedoService
22:27:10:174  INFO 11548 --- [main] com.alibaba.nacos.common.remote.client   : [7af3f77e-d03f-4913-b4fc-b99f7a82c1bb] Register server push request handler:com.alibaba.nacos.client.naming.remote.gprc.NamingPushRequestHandler
22:27:10:175  INFO 11548 --- [main] com.alibaba.nacos.common.remote.client   : [7af3f77e-d03f-4913-b4fc-b99f7a82c1bb] Try to connect to server on start up, server: {serverIp = '110.41.61.31', server main port = 8848}
22:27:10:520  INFO 11548 --- [main] com.alibaba.nacos.common.remote.client   : [7af3f77e-d03f-4913-b4fc-b99f7a82c1bb] Success to connect to server [110.41.61.31:8848] on start up, connectionId = 1764772028864_110.86.197.156_55309
22:27:10:520  INFO 11548 --- [main] com.alibaba.nacos.common.remote.client   : [7af3f77e-d03f-4913-b4fc-b99f7a82c1bb] Register server push request handler:com.alibaba.nacos.common.remote.client.RpcClient$ConnectResetRequestHandler
22:27:10:520  INFO 11548 --- [main] com.alibaba.nacos.common.remote.client   : [7af3f77e-d03f-4913-b4fc-b99f7a82c1bb] Register server push request handler:com.alibaba.nacos.common.remote.client.RpcClient$$Lambda$475/0x0000000800425040
22:27:10:520  INFO 11548 --- [com.alibaba.nacos.client.remote.worker] com.alibaba.nacos.common.remote.client   : [7af3f77e-d03f-4913-b4fc-b99f7a82c1bb] Notify connected event to listeners.
22:27:10:641  INFO 11548 --- [main] i.s.c.r.netty.NettyClientChannelManager  : will connect to 110.41.61.31:8099
22:27:10:814  INFO 11548 --- [main] i.s.core.rpc.netty.NettyPoolableFactory  : NettyPool create channel to transactionRole:TMROLE,address:110.41.61.31:8099,msg:< RegisterTMRequest{applicationId='cart-service', transactionServiceGroup='hmall'} >
22:27:11:142  INFO 11548 --- [nacos-grpc-client-executor-6] com.alibaba.nacos.common.remote.client   : [7af3f77e-d03f-4913-b4fc-b99f7a82c1bb] Receive server push request, request = NotifySubscriberRequest, requestId = 35
22:27:11:144  INFO 11548 --- [nacos-grpc-client-executor-6] com.alibaba.nacos.common.remote.client   : [7af3f77e-d03f-4913-b4fc-b99f7a82c1bb] Ack server push request, request = NotifySubscriberRequest, requestId = 35
22:27:11:219  INFO 11548 --- [main] i.s.c.rpc.netty.TmNettyRemotingClient    : register TM success. client version:1.5.2, server version:1.5.2,channel:[id: 0x32515d7f, L:/192.168.73.91:10346 - R:/110.41.61.31:8099]
22:27:11:223  INFO 11548 --- [main] i.s.core.rpc.netty.NettyPoolableFactory  : register success, cost 100 ms, version:1.5.2,role:TMROLE,channel:[id: 0x32515d7f, L:/192.168.73.91:10346 - R:/110.41.61.31:8099]
22:27:11:223  INFO 11548 --- [main] i.s.s.a.GlobalTransactionScanner         : Transaction Manager Client is initialized. applicationId[cart-service] txServiceGroup[hmall]
22:27:11:230  INFO 11548 --- [main] io.seata.rm.datasource.AsyncWorker       : Async Commit Buffer Limit: 10000
22:27:11:230  INFO 11548 --- [main] i.s.rm.datasource.xa.ResourceManagerXA   : ResourceManagerXA init ...
22:27:11:235  INFO 11548 --- [main] i.s.core.rpc.netty.NettyClientBootstrap  : NettyClientBootstrap has started
22:27:11:235  INFO 11548 --- [main] i.s.s.a.GlobalTransactionScanner         : Resource Manager is initialized. applicationId[cart-service] txServiceGroup[hmall]
22:27:11:235  INFO 11548 --- [main] i.s.s.a.GlobalTransactionScanner         : Global Transaction Clients are initialized. 
22:27:11:237  INFO 11548 --- [main] trationDelegate$BeanPostProcessorChecker : Bean 'io.seata.spring.boot.autoconfigure.SeataDataSourceAutoConfiguration' of type [io.seata.spring.boot.autoconfigure.SeataDataSourceAutoConfiguration] is not eligible for getting processed by all BeanPostProcessors (for example: not eligible for auto-proxying)
22:27:11:380  INFO 11548 --- [main] trationDelegate$BeanPostProcessorChecker : Bean 'com.alibaba.cloud.seata.feign.SeataFeignClientAutoConfiguration$FeignBeanPostProcessorConfiguration' of type [com.alibaba.cloud.seata.feign.SeataFeignClientAutoConfiguration$FeignBeanPostProcessorConfiguration] is not eligible for getting processed by all BeanPostProcessors (for example: not eligible for auto-proxying)
22:27:11:382  INFO 11548 --- [main] trationDelegate$BeanPostProcessorChecker : Bean 'seataFeignObjectWrapper' of type [com.alibaba.cloud.seata.feign.SeataFeignObjectWrapper] is not eligible for getting processed by all BeanPostProcessors (for example: not eligible for auto-proxying)
22:27:11:558  INFO 11548 --- [main] o.s.b.w.embedded.tomcat.TomcatWebServer  : Tomcat initialized with port(s): 8082 (http)
22:27:11:566  INFO 11548 --- [main] o.apache.catalina.core.StandardService   : Starting service [Tomcat]
22:27:11:566  INFO 11548 --- [main] org.apache.catalina.core.StandardEngine  : Starting Servlet engine: [Apache Tomcat/9.0.75]
22:27:11:721  INFO 11548 --- [main] o.a.c.c.C.[Tomcat].[localhost].[/]       : Initializing Spring embedded WebApplicationContext
22:27:11:721  INFO 11548 --- [main] w.s.c.ServletWebServerApplicationContext : Root WebApplicationContext: initialization completed in 3141 ms
22:27:11:928  INFO 11548 --- [main] o.s.c.openfeign.FeignClientFactoryBean   : For 'item-service' URL not provided. Will try picking an instance via load-balancing.
22:27:12:208  INFO 11548 --- [main] com.zaxxer.hikari.HikariDataSource       : HikariPool-1 - Starting...
22:27:13:257  INFO 11548 --- [main] com.zaxxer.hikari.HikariDataSource       : HikariPool-1 - Start completed.
22:27:13:272  INFO 11548 --- [main] i.s.c.r.netty.NettyClientChannelManager  : will connect to 110.41.61.31:8099
22:27:13:272  INFO 11548 --- [main] i.s.c.rpc.netty.RmNettyRemotingClient    : RM will register :jdbc:mysql://110.41.61.31:3306/hm-cart
22:27:13:273  INFO 11548 --- [main] i.s.core.rpc.netty.NettyPoolableFactory  : NettyPool create channel to transactionRole:RMROLE,address:110.41.61.31:8099,msg:< RegisterRMRequest{resourceIds='jdbc:mysql://110.41.61.31:3306/hm-cart', applicationId='cart-service', transactionServiceGroup='hmall'} >
22:27:13:391  INFO 11548 --- [main] i.s.c.rpc.netty.RmNettyRemotingClient    : register RM success. client version:1.5.2, server version:1.5.2,channel:[id: 0x7622da3b, L:/192.168.73.91:10351 - R:/110.41.61.31:8099]
22:27:13:391  INFO 11548 --- [main] i.s.core.rpc.netty.NettyPoolableFactory  : register success, cost 66 ms, version:1.5.2,role:RMROLE,channel:[id: 0x7622da3b, L:/192.168.73.91:10351 - R:/110.41.61.31:8099]
22:27:14:071  INFO 11548 --- [main] i.s.s.a.GlobalTransactionScanner         : Bean[com.hmall.cart.service.impl.CartServiceImpl$$EnhancerBySpringCGLIB$$5658b617] with name [cartServiceImpl] would use interceptor [io.seata.spring.annotation.GlobalTransactionalInterceptor]
22:27:14:209  INFO 11548 --- [main] c.a.c.sentinel.SentinelWebMvcConfigurer  : [Sentinel Starter] register SentinelWebInterceptor with urlPatterns: [/**].
22:27:14:811  INFO 11548 --- [main] pertySourcedRequestMappingHandlerMapping : Mapped URL path [/v2/api-docs] onto method [springfox.documentation.swagger2.web.Swagger2ControllerWebMvc#getDocumentation(String, HttpServletRequest)]
22:27:15:251  INFO 11548 --- [main] com.alibaba.nacos.common.remote.client   : [RpcClientFactory] create a new rpc client of 9e83ef09-e96f-4feb-95b1-e8aaee299a63
22:27:15:252  INFO 11548 --- [main] com.alibaba.nacos.common.remote.client   : [9e83ef09-e96f-4feb-95b1-e8aaee299a63] RpcClient init label, labels = {module=naming, source=sdk}
22:27:15:252  INFO 11548 --- [main] com.alibaba.nacos.common.remote.client   : [9e83ef09-e96f-4feb-95b1-e8aaee299a63] RpcClient init, ServerListFactory = com.alibaba.nacos.client.naming.core.ServerListManager
22:27:15:252  INFO 11548 --- [main] com.alibaba.nacos.common.remote.client   : [9e83ef09-e96f-4feb-95b1-e8aaee299a63] Registry connection listener to current client:com.alibaba.nacos.client.naming.remote.gprc.redo.NamingGrpcRedoService
22:27:15:252  INFO 11548 --- [main] com.alibaba.nacos.common.remote.client   : [9e83ef09-e96f-4feb-95b1-e8aaee299a63] Register server push request handler:com.alibaba.nacos.client.naming.remote.gprc.NamingPushRequestHandler
22:27:15:252  INFO 11548 --- [main] com.alibaba.nacos.common.remote.client   : [9e83ef09-e96f-4feb-95b1-e8aaee299a63] Try to connect to server on start up, server: {serverIp = '110.41.61.31', server main port = 8848}
22:27:15:517  INFO 11548 --- [main] com.alibaba.nacos.common.remote.client   : [9e83ef09-e96f-4feb-95b1-e8aaee299a63] Success to connect to server [110.41.61.31:8848] on start up, connectionId = 1764772033890_110.86.197.156_55455
22:27:15:517  INFO 11548 --- [main] com.alibaba.nacos.common.remote.client   : [9e83ef09-e96f-4feb-95b1-e8aaee299a63] Register server push request handler:com.alibaba.nacos.common.remote.client.RpcClient$ConnectResetRequestHandler
22:27:15:517  INFO 11548 --- [main] com.alibaba.nacos.common.remote.client   : [9e83ef09-e96f-4feb-95b1-e8aaee299a63] Register server push request handler:com.alibaba.nacos.common.remote.client.RpcClient$$Lambda$475/0x0000000800425040
22:27:15:517  INFO 11548 --- [com.alibaba.nacos.client.remote.worker] com.alibaba.nacos.common.remote.client   : [9e83ef09-e96f-4feb-95b1-e8aaee299a63] Notify connected event to listeners.
22:27:15:582  INFO 11548 --- [main] o.s.b.w.embedded.tomcat.TomcatWebServer  : Tomcat started on port(s): 8082 (http) with context path ''
22:27:15:671  INFO 11548 --- [main] c.a.c.n.registry.NacosServiceRegistry    : nacos registry, DEFAULT_GROUP cart-service 192.168.73.91:8082 register finished
22:27:15:941  INFO 11548 --- [main] d.s.w.p.DocumentationPluginsBootstrapper : Documentation plugins bootstrapped
22:27:15:944  INFO 11548 --- [main] d.s.w.p.DocumentationPluginsBootstrapper : Found 1 custom documentation plugin(s)
22:27:15:959  INFO 11548 --- [main] s.d.s.w.s.ApiListingReferenceScanner     : Scanning for api listing references
22:27:16:024  INFO 11548 --- [main] com.hmall.cart.CartApplication           : Started CartApplication in 11.201 seconds (JVM running for 11.953)
22:27:16:027  INFO 11548 --- [main] c.a.c.n.refresh.NacosContextRefresher    : [Nacos Config] Listening config: dataId=cart-service, group=DEFAULT_GROUP
22:27:16:029  INFO 11548 --- [main] c.a.c.n.refresh.NacosContextRefresher    : [Nacos Config] Listening config: dataId=cart-service.yaml, group=DEFAULT_GROUP
22:27:16:029  INFO 11548 --- [main] c.a.c.n.refresh.NacosContextRefresher    : [Nacos Config] Listening config: dataId=cart-service-local.yaml, group=DEFAULT_GROUP
22:27:16:134  INFO 11548 --- [nacos-grpc-client-executor-7] com.alibaba.nacos.common.remote.client   : [9e83ef09-e96f-4feb-95b1-e8aaee299a63] Receive server push request, request = NotifySubscriberRequest, requestId = 37
22:27:16:135  INFO 11548 --- [nacos-grpc-client-executor-7] com.alibaba.nacos.common.remote.client   : [9e83ef09-e96f-4feb-95b1-e8aaee299a63] Ack server push request, request = NotifySubscriberRequest, requestId = 37
22:31:15:427  WARN 11548 --- [Thread-5] c.a.nacos.common.notify.NotifyCenter     : [NotifyCenter] Start destroying Publisher
22:31:15:427  WARN 11548 --- [Thread-1] c.a.n.common.http.HttpClientBeanHolder   : [HttpClientBeanHolder] Start destroying common HttpClient
22:31:15:428  WARN 11548 --- [Thread-5] c.a.nacos.common.notify.NotifyCenter     : [NotifyCenter] Destruction of the end
22:31:15:428  WARN 11548 --- [Thread-1] c.a.n.common.http.HttpClientBeanHolder   : [HttpClientBeanHolder] Destruction of the end
22:31:15:702  INFO 11548 --- [SpringContextShutdownHook] c.a.c.n.registry.NacosServiceRegistry    : De-registering from Nacos Server now...
22:31:15:768  INFO 11548 --- [SpringContextShutdownHook] c.a.c.n.registry.NacosServiceRegistry    : De-registration finished.
22:31:16:103  INFO 11548 --- [SpringContextShutdownHook] com.alibaba.nacos.common.remote.client   : Shutdown rpc client, set status to shutdown
22:31:16:104  INFO 11548 --- [SpringContextShutdownHook] com.alibaba.nacos.common.remote.client   : Shutdown client event executor java.util.concurrent.ScheduledThreadPoolExecutor@7ebf0aef[Running, pool size = 2, active threads = 2, queued tasks = 0, completed tasks = 0]
22:31:16:104  INFO 11548 --- [SpringContextShutdownHook] com.alibaba.nacos.common.remote.client   : Close current connection 1764772033890_110.86.197.156_55455
22:31:16:108  INFO 11548 --- [SpringContextShutdownHook] c.a.n.c.remote.client.grpc.GrpcClient    : Shutdown grpc executor java.util.concurrent.ThreadPoolExecutor@571d996a[Running, pool size = 5, active threads = 0, queued tasks = 0, completed tasks = 67]
22:31:16:111  INFO 11548 --- [SpringContextShutdownHook] com.zaxxer.hikari.HikariDataSource       : HikariPool-1 - Shutdown initiated...
22:31:16:669  INFO 11548 --- [SpringContextShutdownHook] com.zaxxer.hikari.HikariDataSource       : HikariPool-1 - Shutdown completed.
22:31:16:681  INFO 11548 --- [NettyClientSelector_RMROLE_1_1] i.s.c.r.n.AbstractNettyRemotingClient    : channel inactive: [id: 0x7622da3b, L:/192.168.73.91:10351 ! R:/110.41.61.31:8099]
22:31:16:681  INFO 11548 --- [NettyClientSelector_RMROLE_1_1] i.s.c.r.netty.NettyClientChannelManager  : return to pool, rm channel:[id: 0x7622da3b, L:/192.168.73.91:10351 ! R:/110.41.61.31:8099]
22:31:16:681  INFO 11548 --- [NettyClientSelector_RMROLE_1_1] i.s.core.rpc.netty.NettyPoolableFactory  : channel valid false,channel:[id: 0x7622da3b, L:/192.168.73.91:10351 ! R:/110.41.61.31:8099]
22:31:16:682  INFO 11548 --- [NettyClientSelector_RMROLE_1_1] i.s.core.rpc.netty.NettyPoolableFactory  : will destroy channel:[id: 0x7622da3b, L:/192.168.73.91:10351 ! R:/110.41.61.31:8099]
22:31:16:682  INFO 11548 --- [NettyClientSelector_RMROLE_1_1] i.s.c.r.n.AbstractNettyRemotingClient    : ChannelHandlerContext(AbstractNettyRemotingClient$ClientHandler#0, [id: 0x7622da3b, L:/192.168.73.91:10351 ! R:/110.41.61.31:8099]) will closed
22:31:16:682  INFO 11548 --- [NettyClientSelector_RMROLE_1_1] i.s.c.r.n.AbstractNettyRemotingClient    : ChannelHandlerContext(AbstractNettyRemotingClient$ClientHandler#0, [id: 0x7622da3b, L:/192.168.73.91:10351 ! R:/110.41.61.31:8099]) will closed
