02:18:35:833  INFO 18164 --- [main] com.hmall.trade.TradeApplication         : Starting TradeApplication using Java 11.0.27 on ZhangDeskTop with PID 18164 (D:\Users\ZhangYao\Desktop\git\E-ommerceSystemMicroservices\hmall\trade-service\target\classes started by ZhangYao in D:\Users\ZhangYao\Desktop\git\E-ommerceSystemMicroservices\hmall)
02:18:35:836 DEBUG 18164 --- [main] com.hmall.trade.TradeApplication         : Running with Spring Boot v2.7.12, Spring v5.3.27
02:18:35:837  INFO 18164 --- [main] com.hmall.trade.TradeApplication         : The following 1 profile is active: "local"
02:18:36:623  INFO 18164 --- [main] o.s.cloud.context.scope.GenericScope     : BeanFactory id=33f68efe-c945-3cfa-bcee-e311426855ca
02:18:36:909  INFO 18164 --- [main] o.s.b.w.embedded.tomcat.TomcatWebServer  : Tomcat initialized with port(s): 8085 (http)
02:18:36:920  INFO 18164 --- [main] o.apache.catalina.core.StandardService   : Starting service [Tomcat]
02:18:36:920  INFO 18164 --- [main] org.apache.catalina.core.StandardEngine  : Starting Servlet engine: [Apache Tomcat/9.0.75]
02:18:37:047  INFO 18164 --- [main] o.a.c.c.C.[Tomcat].[localhost].[/]       : Initializing Spring embedded WebApplicationContext
02:18:37:048  INFO 18164 --- [main] w.s.c.ServletWebServerApplicationContext : Root WebApplicationContext: initialization completed in 1177 ms
02:18:37:194  INFO 18164 --- [main] o.s.c.openfeign.FeignClientFactoryBean   : For 'item-service' URL not provided. Will try picking an instance via load-balancing.
02:18:37:803  INFO 18164 --- [main] o.s.c.openfeign.FeignClientFactoryBean   : For 'cart-service' URL not provided. Will try picking an instance via load-balancing.
02:18:38:277  INFO 18164 --- [main] pertySourcedRequestMappingHandlerMapping : Mapped URL path [/v2/api-docs] onto method [springfox.documentation.swagger2.web.Swagger2ControllerWebMvc#getDocumentation(String, HttpServletRequest)]
02:18:38:558  INFO 18164 --- [main] com.alibaba.nacos.common.remote.client   : [RpcClientFactory] create a new rpc client of c2d24484-c8b2-401a-9100-bc951b9677e6
02:18:38:590  INFO 18164 --- [main] org.reflections.Reflections              : Reflections took 17 ms to scan 1 urls, producing 3 keys and 6 values 
02:18:38:608  INFO 18164 --- [main] org.reflections.Reflections              : Reflections took 6 ms to scan 1 urls, producing 4 keys and 9 values 
02:18:38:615  INFO 18164 --- [main] org.reflections.Reflections              : Reflections took 5 ms to scan 1 urls, producing 3 keys and 10 values 
02:18:38:617  WARN 18164 --- [main] org.reflections.Reflections              : given scan urls are empty. set urls in the configuration
02:18:38:622  INFO 18164 --- [main] org.reflections.Reflections              : Reflections took 4 ms to scan 1 urls, producing 1 keys and 5 values 
02:18:38:628  INFO 18164 --- [main] org.reflections.Reflections              : Reflections took 4 ms to scan 1 urls, producing 1 keys and 7 values 
02:18:38:635  INFO 18164 --- [main] org.reflections.Reflections              : Reflections took 5 ms to scan 1 urls, producing 2 keys and 8 values 
02:18:38:636  WARN 18164 --- [main] org.reflections.Reflections              : given scan urls are empty. set urls in the configuration
02:18:38:637  INFO 18164 --- [main] com.alibaba.nacos.common.remote.client   : [c2d24484-c8b2-401a-9100-bc951b9677e6] RpcClient init label, labels = {module=naming, source=sdk}
02:18:38:638  INFO 18164 --- [main] com.alibaba.nacos.common.remote.client   : [c2d24484-c8b2-401a-9100-bc951b9677e6] RpcClient init, ServerListFactory = com.alibaba.nacos.client.naming.core.ServerListManager
02:18:38:638  INFO 18164 --- [main] com.alibaba.nacos.common.remote.client   : [c2d24484-c8b2-401a-9100-bc951b9677e6] Registry connection listener to current client:com.alibaba.nacos.client.naming.remote.gprc.redo.NamingGrpcRedoService
02:18:38:639  INFO 18164 --- [main] com.alibaba.nacos.common.remote.client   : [c2d24484-c8b2-401a-9100-bc951b9677e6] Register server push request handler:com.alibaba.nacos.client.naming.remote.gprc.NamingPushRequestHandler
02:18:38:640  INFO 18164 --- [main] com.alibaba.nacos.common.remote.client   : [c2d24484-c8b2-401a-9100-bc951b9677e6] Try to connect to server on start up, server: {serverIp = '110.41.61.31', server main port = 8848}
02:18:39:839  INFO 18164 --- [main] com.alibaba.nacos.common.remote.client   : [c2d24484-c8b2-401a-9100-bc951b9677e6] Success to connect to server [110.41.61.31:8848] on start up, connectionId = 1764526718395_120.32.242.10_44068
02:18:39:839  INFO 18164 --- [com.alibaba.nacos.client.remote.worker] com.alibaba.nacos.common.remote.client   : [c2d24484-c8b2-401a-9100-bc951b9677e6] Notify connected event to listeners.
02:18:39:840  INFO 18164 --- [main] com.alibaba.nacos.common.remote.client   : [c2d24484-c8b2-401a-9100-bc951b9677e6] Register server push request handler:com.alibaba.nacos.common.remote.client.RpcClient$ConnectResetRequestHandler
02:18:39:841  INFO 18164 --- [main] com.alibaba.nacos.common.remote.client   : [c2d24484-c8b2-401a-9100-bc951b9677e6] Register server push request handler:com.alibaba.nacos.common.remote.client.RpcClient$$Lambda$973/0x000000080069a040
02:18:39:959  INFO 18164 --- [main] o.s.b.w.embedded.tomcat.TomcatWebServer  : Tomcat started on port(s): 8085 (http) with context path ''
02:18:40:043  INFO 18164 --- [main] c.a.c.n.registry.NacosServiceRegistry    : nacos registry, DEFAULT_GROUP trade-service 192.168.217.91:8085 register finished
02:18:40:187  INFO 18164 --- [main] d.s.w.p.DocumentationPluginsBootstrapper : Documentation plugins bootstrapped
02:18:40:191  INFO 18164 --- [main] d.s.w.p.DocumentationPluginsBootstrapper : Found 1 custom documentation plugin(s)
02:18:40:211  INFO 18164 --- [main] s.d.s.w.s.ApiListingReferenceScanner     : Scanning for api listing references
02:18:40:277  INFO 18164 --- [main] com.hmall.trade.TradeApplication         : Started TradeApplication in 5.076 seconds (JVM running for 5.826)
02:18:40:432  INFO 18164 --- [nacos-grpc-client-executor-8] com.alibaba.nacos.common.remote.client   : [c2d24484-c8b2-401a-9100-bc951b9677e6] Receive server push request, request = NotifySubscriberRequest, requestId = 230
02:18:40:434  INFO 18164 --- [nacos-grpc-client-executor-8] com.alibaba.nacos.common.remote.client   : [c2d24484-c8b2-401a-9100-bc951b9677e6] Ack server push request, request = NotifySubscriberRequest, requestId = 230
02:37:23:623  WARN 18164 --- [Thread-7] c.a.n.common.http.HttpClientBeanHolder   : [HttpClientBeanHolder] Start destroying common HttpClient
02:37:23:622  WARN 18164 --- [Thread-4] c.a.nacos.common.notify.NotifyCenter     : [NotifyCenter] Start destroying Publisher
02:37:23:623  WARN 18164 --- [Thread-4] c.a.nacos.common.notify.NotifyCenter     : [NotifyCenter] Destruction of the end
02:37:23:623  WARN 18164 --- [Thread-7] c.a.n.common.http.HttpClientBeanHolder   : [HttpClientBeanHolder] Destruction of the end
02:37:23:971  INFO 18164 --- [SpringApplicationShutdownHook] c.a.c.n.registry.NacosServiceRegistry    : De-registering from Nacos Server now...
02:37:24:056  INFO 18164 --- [SpringApplicationShutdownHook] c.a.c.n.registry.NacosServiceRegistry    : De-registration finished.
02:37:24:394  INFO 18164 --- [SpringApplicationShutdownHook] com.alibaba.nacos.common.remote.client   : Shutdown rpc client, set status to shutdown
02:37:24:394  INFO 18164 --- [SpringApplicationShutdownHook] com.alibaba.nacos.common.remote.client   : Shutdown client event executor java.util.concurrent.ScheduledThreadPoolExecutor@59cdc56d[Running, pool size = 2, active threads = 2, queued tasks = 0, completed tasks = 0]
02:37:24:394  INFO 18164 --- [SpringApplicationShutdownHook] com.alibaba.nacos.common.remote.client   : Close current connection 1764526718395_120.32.242.10_44068
02:37:24:399  INFO 18164 --- [SpringApplicationShutdownHook] c.a.n.c.remote.client.grpc.GrpcClient    : Shutdown grpc executor java.util.concurrent.ThreadPoolExecutor@2c35a2ef[Running, pool size = 4, active threads = 0, queued tasks = 0, completed tasks = 238]
02:45:04:015  INFO 20316 --- [main] com.hmall.trade.TradeApplication         : Starting TradeApplication using Java 11.0.27 on ZhangDeskTop with PID 20316 (D:\Users\ZhangYao\Desktop\git\E-ommerceSystemMicroservices\hmall\trade-service\target\classes started by ZhangYao in D:\Users\ZhangYao\Desktop\git\E-ommerceSystemMicroservices\hmall)
02:45:04:018 DEBUG 20316 --- [main] com.hmall.trade.TradeApplication         : Running with Spring Boot v2.7.12, Spring v5.3.27
02:45:04:018  INFO 20316 --- [main] com.hmall.trade.TradeApplication         : The following 1 profile is active: "local"
02:45:04:746  INFO 20316 --- [main] o.s.cloud.context.scope.GenericScope     : BeanFactory id=33f68efe-c945-3cfa-bcee-e311426855ca
02:45:05:025  INFO 20316 --- [main] o.s.b.w.embedded.tomcat.TomcatWebServer  : Tomcat initialized with port(s): 8085 (http)
02:45:05:031  INFO 20316 --- [main] o.apache.catalina.core.StandardService   : Starting service [Tomcat]
02:45:05:032  INFO 20316 --- [main] org.apache.catalina.core.StandardEngine  : Starting Servlet engine: [Apache Tomcat/9.0.75]
02:45:05:166  INFO 20316 --- [main] o.a.c.c.C.[Tomcat].[localhost].[/]       : Initializing Spring embedded WebApplicationContext
02:45:05:167  INFO 20316 --- [main] w.s.c.ServletWebServerApplicationContext : Root WebApplicationContext: initialization completed in 1113 ms
02:45:05:329  INFO 20316 --- [main] o.s.c.openfeign.FeignClientFactoryBean   : For 'item-service' URL not provided. Will try picking an instance via load-balancing.
02:45:05:953  INFO 20316 --- [main] o.s.c.openfeign.FeignClientFactoryBean   : For 'cart-service' URL not provided. Will try picking an instance via load-balancing.
02:45:06:412  INFO 20316 --- [main] pertySourcedRequestMappingHandlerMapping : Mapped URL path [/v2/api-docs] onto method [springfox.documentation.swagger2.web.Swagger2ControllerWebMvc#getDocumentation(String, HttpServletRequest)]
02:45:06:720  INFO 20316 --- [main] com.alibaba.nacos.common.remote.client   : [RpcClientFactory] create a new rpc client of 74f0c53f-a184-4dd0-9451-22028b15a4d6
02:45:06:747  INFO 20316 --- [main] org.reflections.Reflections              : Reflections took 13 ms to scan 1 urls, producing 3 keys and 6 values 
02:45:06:762  INFO 20316 --- [main] org.reflections.Reflections              : Reflections took 5 ms to scan 1 urls, producing 4 keys and 9 values 
02:45:06:769  INFO 20316 --- [main] org.reflections.Reflections              : Reflections took 4 ms to scan 1 urls, producing 3 keys and 10 values 
02:45:06:772  WARN 20316 --- [main] org.reflections.Reflections              : given scan urls are empty. set urls in the configuration
02:45:06:777  INFO 20316 --- [main] org.reflections.Reflections              : Reflections took 4 ms to scan 1 urls, producing 1 keys and 5 values 
02:45:06:784  INFO 20316 --- [main] org.reflections.Reflections              : Reflections took 5 ms to scan 1 urls, producing 1 keys and 7 values 
02:45:06:792  INFO 20316 --- [main] org.reflections.Reflections              : Reflections took 5 ms to scan 1 urls, producing 2 keys and 8 values 
02:45:06:796  WARN 20316 --- [main] org.reflections.Reflections              : given scan urls are empty. set urls in the configuration
02:45:06:797  INFO 20316 --- [main] com.alibaba.nacos.common.remote.client   : [74f0c53f-a184-4dd0-9451-22028b15a4d6] RpcClient init label, labels = {module=naming, source=sdk}
02:45:06:799  INFO 20316 --- [main] com.alibaba.nacos.common.remote.client   : [74f0c53f-a184-4dd0-9451-22028b15a4d6] RpcClient init, ServerListFactory = com.alibaba.nacos.client.naming.core.ServerListManager
02:45:06:799  INFO 20316 --- [main] com.alibaba.nacos.common.remote.client   : [74f0c53f-a184-4dd0-9451-22028b15a4d6] Registry connection listener to current client:com.alibaba.nacos.client.naming.remote.gprc.redo.NamingGrpcRedoService
02:45:06:800  INFO 20316 --- [main] com.alibaba.nacos.common.remote.client   : [74f0c53f-a184-4dd0-9451-22028b15a4d6] Register server push request handler:com.alibaba.nacos.client.naming.remote.gprc.NamingPushRequestHandler
02:45:06:802  INFO 20316 --- [main] com.alibaba.nacos.common.remote.client   : [74f0c53f-a184-4dd0-9451-22028b15a4d6] Try to connect to server on start up, server: {serverIp = '110.41.61.31', server main port = 8848}
02:45:07:964  INFO 20316 --- [main] com.alibaba.nacos.common.remote.client   : [74f0c53f-a184-4dd0-9451-22028b15a4d6] Success to connect to server [110.41.61.31:8848] on start up, connectionId = 1764528306379_120.32.242.10_44114
02:45:07:965  INFO 20316 --- [com.alibaba.nacos.client.remote.worker] com.alibaba.nacos.common.remote.client   : [74f0c53f-a184-4dd0-9451-22028b15a4d6] Notify connected event to listeners.
02:45:07:965  INFO 20316 --- [main] com.alibaba.nacos.common.remote.client   : [74f0c53f-a184-4dd0-9451-22028b15a4d6] Register server push request handler:com.alibaba.nacos.common.remote.client.RpcClient$ConnectResetRequestHandler
02:45:07:966  INFO 20316 --- [main] com.alibaba.nacos.common.remote.client   : [74f0c53f-a184-4dd0-9451-22028b15a4d6] Register server push request handler:com.alibaba.nacos.common.remote.client.RpcClient$$Lambda$973/0x000000080069a040
02:45:08:115  INFO 20316 --- [main] o.s.b.w.embedded.tomcat.TomcatWebServer  : Tomcat started on port(s): 8085 (http) with context path ''
02:45:08:232  INFO 20316 --- [main] c.a.c.n.registry.NacosServiceRegistry    : nacos registry, DEFAULT_GROUP trade-service 192.168.217.91:8085 register finished
02:45:08:379  INFO 20316 --- [main] d.s.w.p.DocumentationPluginsBootstrapper : Documentation plugins bootstrapped
02:45:08:382  INFO 20316 --- [main] d.s.w.p.DocumentationPluginsBootstrapper : Found 1 custom documentation plugin(s)
02:45:08:398  INFO 20316 --- [main] s.d.s.w.s.ApiListingReferenceScanner     : Scanning for api listing references
02:45:08:464  INFO 20316 --- [main] com.hmall.trade.TradeApplication         : Started TradeApplication in 5.015 seconds (JVM running for 5.577)
02:45:08:613  INFO 20316 --- [nacos-grpc-client-executor-9] com.alibaba.nacos.common.remote.client   : [74f0c53f-a184-4dd0-9451-22028b15a4d6] Receive server push request, request = NotifySubscriberRequest, requestId = 257
02:45:08:615  INFO 20316 --- [nacos-grpc-client-executor-9] com.alibaba.nacos.common.remote.client   : [74f0c53f-a184-4dd0-9451-22028b15a4d6] Ack server push request, request = NotifySubscriberRequest, requestId = 257
02:46:27:195  WARN 20316 --- [Thread-4] c.a.nacos.common.notify.NotifyCenter     : [NotifyCenter] Start destroying Publisher
02:46:27:195  WARN 20316 --- [Thread-7] c.a.n.common.http.HttpClientBeanHolder   : [HttpClientBeanHolder] Start destroying common HttpClient
02:46:27:196  WARN 20316 --- [Thread-4] c.a.nacos.common.notify.NotifyCenter     : [NotifyCenter] Destruction of the end
02:46:27:196  WARN 20316 --- [Thread-7] c.a.n.common.http.HttpClientBeanHolder   : [HttpClientBeanHolder] Destruction of the end
02:46:27:417  INFO 20316 --- [SpringApplicationShutdownHook] c.a.c.n.registry.NacosServiceRegistry    : De-registering from Nacos Server now...
02:46:27:494  INFO 20316 --- [SpringApplicationShutdownHook] c.a.c.n.registry.NacosServiceRegistry    : De-registration finished.
02:46:27:816  INFO 20316 --- [SpringApplicationShutdownHook] com.alibaba.nacos.common.remote.client   : Shutdown rpc client, set status to shutdown
02:46:27:816  INFO 20316 --- [SpringApplicationShutdownHook] com.alibaba.nacos.common.remote.client   : Shutdown client event executor java.util.concurrent.ScheduledThreadPoolExecutor@76eaed8c[Running, pool size = 2, active threads = 2, queued tasks = 0, completed tasks = 0]
02:46:27:816  INFO 20316 --- [SpringApplicationShutdownHook] com.alibaba.nacos.common.remote.client   : Close current connection 1764528306379_120.32.242.10_44114
02:46:27:820  INFO 20316 --- [SpringApplicationShutdownHook] c.a.n.c.remote.client.grpc.GrpcClient    : Shutdown grpc executor java.util.concurrent.ThreadPoolExecutor@40179a3d[Running, pool size = 5, active threads = 0, queued tasks = 0, completed tasks = 31]
02:49:03:206  INFO 788 --- [main] com.hmall.trade.TradeApplication         : Starting TradeApplication using Java 11.0.27 on ZhangDeskTop with PID 788 (D:\Users\ZhangYao\Desktop\git\E-ommerceSystemMicroservices\hmall\trade-service\target\classes started by ZhangYao in D:\Users\ZhangYao\Desktop\git\E-ommerceSystemMicroservices\hmall)
02:49:03:207 DEBUG 788 --- [main] com.hmall.trade.TradeApplication         : Running with Spring Boot v2.7.12, Spring v5.3.27
02:49:03:208  INFO 788 --- [main] com.hmall.trade.TradeApplication         : The following 1 profile is active: "local"
02:49:03:963  INFO 788 --- [main] o.s.cloud.context.scope.GenericScope     : BeanFactory id=33f68efe-c945-3cfa-bcee-e311426855ca
02:49:04:238  INFO 788 --- [main] o.s.b.w.embedded.tomcat.TomcatWebServer  : Tomcat initialized with port(s): 8085 (http)
02:49:04:247  INFO 788 --- [main] o.apache.catalina.core.StandardService   : Starting service [Tomcat]
02:49:04:247  INFO 788 --- [main] org.apache.catalina.core.StandardEngine  : Starting Servlet engine: [Apache Tomcat/9.0.75]
02:49:04:359  INFO 788 --- [main] o.a.c.c.C.[Tomcat].[localhost].[/]       : Initializing Spring embedded WebApplicationContext
02:49:04:360  INFO 788 --- [main] w.s.c.ServletWebServerApplicationContext : Root WebApplicationContext: initialization completed in 1123 ms
02:49:04:521  INFO 788 --- [main] o.s.c.openfeign.FeignClientFactoryBean   : For 'item-service' URL not provided. Will try picking an instance via load-balancing.
02:49:05:128  INFO 788 --- [main] o.s.c.openfeign.FeignClientFactoryBean   : For 'cart-service' URL not provided. Will try picking an instance via load-balancing.
02:49:05:596  INFO 788 --- [main] pertySourcedRequestMappingHandlerMapping : Mapped URL path [/v2/api-docs] onto method [springfox.documentation.swagger2.web.Swagger2ControllerWebMvc#getDocumentation(String, HttpServletRequest)]
02:49:05:899  INFO 788 --- [main] com.alibaba.nacos.common.remote.client   : [RpcClientFactory] create a new rpc client of 473e21ce-14e7-44ba-9e5e-860209117461
02:49:05:928  INFO 788 --- [main] org.reflections.Reflections              : Reflections took 13 ms to scan 1 urls, producing 3 keys and 6 values 
02:49:05:946  INFO 788 --- [main] org.reflections.Reflections              : Reflections took 6 ms to scan 1 urls, producing 4 keys and 9 values 
02:49:05:954  INFO 788 --- [main] org.reflections.Reflections              : Reflections took 5 ms to scan 1 urls, producing 3 keys and 10 values 
02:49:05:957  WARN 788 --- [main] org.reflections.Reflections              : given scan urls are empty. set urls in the configuration
02:49:05:962  INFO 788 --- [main] org.reflections.Reflections              : Reflections took 5 ms to scan 1 urls, producing 1 keys and 5 values 
02:49:05:970  INFO 788 --- [main] org.reflections.Reflections              : Reflections took 6 ms to scan 1 urls, producing 1 keys and 7 values 
02:49:05:977  INFO 788 --- [main] org.reflections.Reflections              : Reflections took 4 ms to scan 1 urls, producing 2 keys and 8 values 
02:49:05:979  WARN 788 --- [main] org.reflections.Reflections              : given scan urls are empty. set urls in the configuration
02:49:05:980  INFO 788 --- [main] com.alibaba.nacos.common.remote.client   : [473e21ce-14e7-44ba-9e5e-860209117461] RpcClient init label, labels = {module=naming, source=sdk}
02:49:05:982  INFO 788 --- [main] com.alibaba.nacos.common.remote.client   : [473e21ce-14e7-44ba-9e5e-860209117461] RpcClient init, ServerListFactory = com.alibaba.nacos.client.naming.core.ServerListManager
02:49:05:982  INFO 788 --- [main] com.alibaba.nacos.common.remote.client   : [473e21ce-14e7-44ba-9e5e-860209117461] Registry connection listener to current client:com.alibaba.nacos.client.naming.remote.gprc.redo.NamingGrpcRedoService
02:49:05:983  INFO 788 --- [main] com.alibaba.nacos.common.remote.client   : [473e21ce-14e7-44ba-9e5e-860209117461] Register server push request handler:com.alibaba.nacos.client.naming.remote.gprc.NamingPushRequestHandler
02:49:05:984  INFO 788 --- [main] com.alibaba.nacos.common.remote.client   : [473e21ce-14e7-44ba-9e5e-860209117461] Try to connect to server on start up, server: {serverIp = '110.41.61.31', server main port = 8848}
02:49:07:052  INFO 788 --- [main] com.alibaba.nacos.common.remote.client   : [473e21ce-14e7-44ba-9e5e-860209117461] Success to connect to server [110.41.61.31:8848] on start up, connectionId = 1764528545463_120.32.242.10_44179
02:49:07:054  INFO 788 --- [main] com.alibaba.nacos.common.remote.client   : [473e21ce-14e7-44ba-9e5e-860209117461] Register server push request handler:com.alibaba.nacos.common.remote.client.RpcClient$ConnectResetRequestHandler
02:49:07:053  INFO 788 --- [com.alibaba.nacos.client.remote.worker] com.alibaba.nacos.common.remote.client   : [473e21ce-14e7-44ba-9e5e-860209117461] Notify connected event to listeners.
02:49:07:055  INFO 788 --- [main] com.alibaba.nacos.common.remote.client   : [473e21ce-14e7-44ba-9e5e-860209117461] Register server push request handler:com.alibaba.nacos.common.remote.client.RpcClient$$Lambda$973/0x000000080069a040
02:49:07:168  INFO 788 --- [main] o.s.b.w.embedded.tomcat.TomcatWebServer  : Tomcat started on port(s): 8085 (http) with context path ''
02:49:07:262  INFO 788 --- [main] c.a.c.n.registry.NacosServiceRegistry    : nacos registry, DEFAULT_GROUP trade-service 192.168.217.91:8085 register finished
02:49:07:412  INFO 788 --- [main] d.s.w.p.DocumentationPluginsBootstrapper : Documentation plugins bootstrapped
02:49:07:415  INFO 788 --- [main] d.s.w.p.DocumentationPluginsBootstrapper : Found 1 custom documentation plugin(s)
02:49:07:432  INFO 788 --- [main] s.d.s.w.s.ApiListingReferenceScanner     : Scanning for api listing references
02:49:07:497  INFO 788 --- [main] com.hmall.trade.TradeApplication         : Started TradeApplication in 4.858 seconds (JVM running for 5.445)
02:49:07:730  INFO 788 --- [nacos-grpc-client-executor-8] com.alibaba.nacos.common.remote.client   : [473e21ce-14e7-44ba-9e5e-860209117461] Receive server push request, request = NotifySubscriberRequest, requestId = 269
02:49:07:732  INFO 788 --- [nacos-grpc-client-executor-8] com.alibaba.nacos.common.remote.client   : [473e21ce-14e7-44ba-9e5e-860209117461] Ack server push request, request = NotifySubscriberRequest, requestId = 269
02:59:20:314  WARN 788 --- [Thread-4] c.a.nacos.common.notify.NotifyCenter     : [NotifyCenter] Start destroying Publisher
02:59:20:314  WARN 788 --- [Thread-4] c.a.nacos.common.notify.NotifyCenter     : [NotifyCenter] Destruction of the end
02:59:20:314  WARN 788 --- [Thread-7] c.a.n.common.http.HttpClientBeanHolder   : [HttpClientBeanHolder] Start destroying common HttpClient
02:59:20:315  WARN 788 --- [Thread-7] c.a.n.common.http.HttpClientBeanHolder   : [HttpClientBeanHolder] Destruction of the end
02:59:20:545  INFO 788 --- [SpringApplicationShutdownHook] c.a.c.n.registry.NacosServiceRegistry    : De-registering from Nacos Server now...
02:59:20:592  INFO 788 --- [SpringApplicationShutdownHook] c.a.c.n.registry.NacosServiceRegistry    : De-registration finished.
02:59:20:931  INFO 788 --- [SpringApplicationShutdownHook] com.alibaba.nacos.common.remote.client   : Shutdown rpc client, set status to shutdown
02:59:20:931  INFO 788 --- [SpringApplicationShutdownHook] com.alibaba.nacos.common.remote.client   : Shutdown client event executor java.util.concurrent.ScheduledThreadPoolExecutor@16566d04[Running, pool size = 2, active threads = 2, queued tasks = 0, completed tasks = 0]
02:59:20:931  INFO 788 --- [SpringApplicationShutdownHook] com.alibaba.nacos.common.remote.client   : Close current connection 1764528545463_120.32.242.10_44179
02:59:20:936  INFO 788 --- [SpringApplicationShutdownHook] c.a.n.c.remote.client.grpc.GrpcClient    : Shutdown grpc executor java.util.concurrent.ThreadPoolExecutor@5bc5b52f[Running, pool size = 3, active threads = 0, queued tasks = 0, completed tasks = 136]
